#http://en.chessbase.com/78
http://en.chessbase.com/post/nakamura-is-the-ultimate-blitz-champion
http://en.chessbase.com/post/carlsen-wins-norway-chess
http://en.chessbase.com/post/batumi-rd-8-the-lead-changes-again
http://en.chessbase.com/post/norway-chess-rd-8-aronian-beats-carlsen
http://en.chessbase.com/post/batumi-three-leaders-after-round-seven
http://en.chessbase.com/post/norway-chess-carlsen-and-aronian-win
http://en.chessbase.com/post/batumi-rd-6-anna-muzychuk-takes-lead
http://en.chessbase.com/post/jersey-sunshine-state-of-mind-2-2
http://en.chessbase.com/post/caruana-and-paikidze-are-the-new-us-champions
http://en.chessbase.com/post/jersey-sunshine-state-of-mind-1-2
http://en.chessbase.com/post/norway-chess-rd-6-harikrishna-and-eljanov-win
http://en.chessbase.com/post/us-champ-rd10-12-year-old-beats-grandmaster
http://en.chessbase.com/post/women-grand-prix-in-batumi
http://en.chessbase.com/post/norway-2016-rd5-harikrishna-and-topalov-win
http://en.chessbase.com/post/us-champ-rd9-abrahamyan-takes-lead-in-women-s
#http://en.chessbase.com/80
http://en.chessbase.com/post/us-champ-rd8-crowded-leaderboards
http://en.chessbase.com/post/parligras-is-the-romanian-champion-2016
http://en.chessbase.com/post/nyt-the-littlest-chess-champions
http://en.chessbase.com/post/stavanger-five-draws-in-round-four
http://en.chessbase.com/post/us-champ-rd7-so-joins-caruana-in-lead
http://en.chessbase.com/post/norway-chess-r3-carlsen-wins-in-style
http://en.chessbase.com/post/us-championship-caruana-takes-sole-lead-again
http://en.chessbase.com/post/norway-chess-ambush-in-the-najdorf
http://en.chessbase.com/post/surya-ganguly-wins-bangkok-open
http://en.chessbase.com/post/norway-chess-carlsen-kramnik-and-giri-win
#http://en.chessbase.com/81
http://en.chessbase.com/post/saint-louis-fireworks-in-round-five
http://en.chessbase.com/post/breaking-fast-in-skopje-2-2
http://en.chessbase.com/post/norway-chess-carlsen-wins-opening-blitz
http://en.chessbase.com/post/us-championship-big-point-for-caruana
http://en.chessbase.com/post/us-championship-so-robson-and-caruana-with-2-0-2
http://en.chessbase.com/post/you-cannot-just-play-chess-in-cannes
http://en.chessbase.com/post/breaking-fast-in-skopje-1-2
http://en.chessbase.com/post/understanding-the-breyer
http://en.chessbase.com/post/van-wely-and-gustafsson-share-lead-in-bangkok
#http://en.chessbase.com/82
# 14 Apr 2017