#http://en.chessbase.com/72
http://en.chessbase.com/post/2016-euro-ch-rd9-inarkiev-activates-god-mode
http://en.chessbase.com/post/grand-chess-tour-rapid-and-blitz-in-paris
http://en.chessbase.com/post/2016-euro-ch-rd8-inarkiev-continues-to-steamroll
http://en.chessbase.com/post/chess-progress-making-the-big-leap
http://en.chessbase.com/post/young-stars-success
http://en.chessbase.com/post/gjakova-rd-7-inarkiev-and-navara-lead
http://en.chessbase.com/post/gjakova-ivan-saric-takes-the-lead
http://en.chessbase.com/post/vishy-anand-in-oman
http://en.chessbase.com/post/gjakova-no-player-with-a-100-percent-score
http://en.chessbase.com/post/gjakova-three-players-lead-with-4-0-4
#http://en.chessbase.com/73
http://en.chessbase.com/post/nine-leaders-in-gjakova
http://en.chessbase.com/post/anti-cheating-at-the-baku-olympiad
http://en.chessbase.com/post/2016-russian-team-championship-rd6-10-2-2
http://en.chessbase.com/post/european-championship-favorites-dominate-in-round-1
http://en.chessbase.com/post/chess-fever-in-cairo-2-2
http://en.chessbase.com/post/south-african-players-crowned-in-mauritius
http://en.chessbase.com/post/2016-russian-team-championship-rd6-10-1-2
#http://en.chessbase.com/74
http://en.chessbase.com/post/ding-liren-wins-match-against-wesley-so
http://en.chessbase.com/post/chess-fever-in-cairo-1-2
http://en.chessbase.com/post/2016-french-youth-championship-exemplary
http://en.chessbase.com/post/sochi-karjakin-searches-for-his-form
http://en.chessbase.com/post/winners-of-the-2016-kenya-open
http://en.chessbase.com/post/2016-russian-team-championship-rd1-5-2-2
http://en.chessbase.com/post/harikrishna-looks-back-on-norway-2016
http://en.chessbase.com/post/2016-russian-team-championship-rd1-5-1-2
http://en.chessbase.com/post/chieti-triumphs-in-italian-team-championships
#http://en.chessbase.com/75
http://en.chessbase.com/post/valentina-gunina-takes-lead-in-grand-prix
http://en.chessbase.com/post/wei-yi-and-guo-qi-are-chinese-champions-2016
http://en.chessbase.com/post/batumi-gunina-wins-with-one-round-to-go
#1 May 2016