#http://en.chessbase.com/64
http://en.chessbase.com/post/shamkir-rd9-mamedyarov-beats-caruana-in-playoff
http://en.chessbase.com/post/shamkir-rd8-three-way-fight-for-first
http://en.chessbase.com/post/zalakaros-open-three-players-lead
#http://en.chessbase.com/65
http://en.chessbase.com/post/david-navara-meets-richard-rapport
http://en.chessbase.com/post/french-top-12-bischwiller-and-clichy-lead
http://en.chessbase.com/post/european-women-s-championship-stefanova-takes-lead
http://en.chessbase.com/post/shamkir-rd7-caruana-lets-giri-escape
http://en.chessbase.com/post/shamkir-round-six-peace-returns
http://en.chessbase.com/post/zalakaros-a-small-town-with-a-strong-open
http://en.chessbase.com/post/shamkir-round-five-the-steamrollers
#http://en.chessbase.com/66
http://en.chessbase.com/post/praggnanandhaa-youngest-chess-im-in-history
http://en.chessbase.com/post/2016-shamkir-rd4-caruana-storms-to-3-5-4
http://en.chessbase.com/post/2016-shamkir-rd3-powerplay-round-gives-caruana-lead
http://en.chessbase.com/post/2016-shamkir-rd2-from-lukewarm-to-scalding
http://en.chessbase.com/post/2016-shamkir-rd1-a-lukewarm-start
http://en.chessbase.com/post/shamkir-gashimov-memorial-starts-on-thursday
http://en.chessbase.com/post/ernesto-inarkiev-is-the-2016-european-champion