http://en.chessbase.com/post/chigorin-memorial-alekseenko-wins-abdusattorov-shines
http://en.chessbase.com/post/looking-back-at-the-isle-of-man-2-2
http://en.chessbase.com/post/shak-wins-amir-timur-rapid-2016
http://en.chessbase.com/post/hoogeveen-2016-short-sokolov-and-gupta-are-the-stars
http://en.chessbase.com/post/russian-superfinal-rd3-7-the-excitement-continues
http://en.chessbase.com/post/looking-back-at-the-isle-of-man-1-2
http://en.chessbase.com/post/hoogeveen-open-gupta-lalith-babu-lead-with-2800-performance
http://en.chessbase.com/post/hoogeveen-2016-short-takes-lead
http://en.chessbase.com/post/hoogeveen-2016-van-foreest-strikes-back
http://en.chessbase.com/post/russian-superfinal-rd1-2-an-inspiring-start
http://en.chessbase.com/post/hoogeveen-2016-sokolov-strikes-first
http://en.chessbase.com/post/live-q-a-with-women-s-world-champion-hou-yifan
http://en.chessbase.com/post/global-chess-festival-with-the-polgars-2-2
http://en.chessbase.com/post/why-bother-to-bone-up-on-steinitz-2-2
http://en.chessbase.com/post/2016-shanghai-mixed-pairs
http://en.chessbase.com/post/global-chess-festival-with-the-polgars-1-2
http://en.chessbase.com/post/world-s-smartest-chess-board-is-here
http://en.chessbase.com/post/karpov-timman-2016-timman-finally-wins-one
http://en.chessbase.com/post/millionaire-chess-3-jones-swiercz-cordova-and-zhou
http://en.chessbase.com/post/pavel-eljanov-wins-isle-of-man
http://en.chessbase.com/post/news-flash-a-truly-historic-game