http://en.chessbase.com/post/match-of-the-millenials-pits-usa-vs-the-world-2
http://en.chessbase.com/post/50th-biel-round-4-lvie
http://en.chessbase.com/post/match-of-the-millenials-pits-usa-vs-the-world
http://en.chessbase.com/post/50th-biel-chess-festival-round-3
http://en.chessbase.com/post/2nd-stars-cup-in-iran
http://en.chessbase.com/post/50th-biel-chess-festival-round-2-wins-for-bacrot-ponomariov-and-morozevich
http://en.chessbase.com/post/alexander-grischuk-beats-yu-yangyi-3-1-in-match
http://en.chessbase.com/post/sahaj-grover-dominates-south-african-championship
http://en.chessbase.com/post/50th-biel-chess-festival-round-1
http://en.chessbase.com/post/russian-higher-league-won-by-dubov-and-sjugirov
http://en.chessbase.com/post/women-s-chess-a-misleading-and-counterproductive-label
http://en.chessbase.com/post/radek-rocks-dortmund-final-round
http://en.chessbase.com/post/the-50th-biel-chess-festival
http://en.chessbase.com/post/dortmund-round-6-live
http://en.chessbase.com/post/liang-gorti-win-us-juniors
http://en.chessbase.com/post/dortmund-round-5
http://en.chessbase.com/post/georg-meier-wins-20th-maccabiah
http://en.chessbase.com/post/storms-in-dortmund-fail-to-shake-up-scoreboard
http://en.chessbase.com/post/wei-yi-domintes-danzhou-supertournament
http://en.chessbase.com/post/vive-la-victoire-in-vin
http://en.chessbase.com/post/tikkanen-gewinnt-schwedische-meisterschaft
http://en.chessbase.com/post/45th-sparkassen-dortmund-bluebaum-and-wojtaszek-lead
http://en.chessbase.com/post/45th-sparkassen-dortmund-kramnik-falls-to-fedoseev
http://en.chessbase.com/post/teimour-radjabov-wins-fide-grand-prix-in-geneva
http://en.chessbase.com/post/the-wei-way-danzhou-dominated-by-teen-sensation
http://en.chessbase.com/post/fide-grand-prix-geneva-tense-round-leads-to-showdown
http://en.chessbase.com/post/porticcio-open
http://en.chessbase.com/post/sasikiran-wins-52nd-capablanca-memorial-2017-part-ii
http://en.chessbase.com/post/fide-grand-prix-geneva-teimour-radjabov-regains-sole-lead
http://en.chessbase.com/post/fide-grand-prix-geneva-harikrishna-joins-three-way-lead
http://en.chessbase.com/post/jerusalem-hosts-the-national-cup-games