#http://en.chessbase.com/84
http://en.chessbase.com/post/bangkok-open-van-wely-takes-sole-lead
http://en.chessbase.com/post/international-chess-festival-in-ortisei
http://en.chessbase.com/post/hopefully-breaking-into-the-top-five-is-a-beginning
http://en.chessbase.com/post/a-pilgrimage-to-moscow-the-aeroflot-open
http://en.chessbase.com/post/fighting-spirit-at-accentus-young-masters
http://en.chessbase.com/post/2016-asian-nations-cup-the-tiger-and-the-dragon
#http://en.chessbase.com/85
http://en.chessbase.com/post/wojtaszek-and-socko-win-polish-championships
http://en.chessbase.com/post/asian-nations-cup-gold-for-india-and-china
http://en.chessbase.com/post/2016-arnold-classic-brasil-bonanza-of-fun-2-2
http://en.chessbase.com/post/chess-festival-le-marais
http://en.chessbase.com/post/blindfold-king-timur-gareyev-on-tour
http://en.chessbase.com/post/2016-arnold-classic-brasil-bonanza-of-fun-1-2
http://en.chessbase.com/post/polish-championships-in-poznan
http://en.chessbase.com/post/short-izzat-and-cheng-win-50th-ballarat-begonia
#http://en.chessbase.com/86
http://en.chessbase.com/post/grandelius-gains-entry-to-norway-chess
http://en.chessbase.com/post/looking-back-abhijeet-gupta-in-reykjavik-2016
http://en.chessbase.com/post/wang-hao-profile-of-a-chess-prodigy-2-2
http://en.chessbase.com/post/wang-hao-profile-of-a-chess-prodigy-1-2
#http://en.chessbase.com/87
http://en.chessbase.com/post/candidates-r13-it-s-karjakin-or-caruana
http://en.chessbase.com/post/candidates-rd12-young-guns-forge-ahead
http://en.chessbase.com/post/candidates-r11-vishy-anand-the-comeback-man
http://en.chessbase.com/post/candidates-r10-caruana-wins-joins-lead
http://en.chessbase.com/post/candidates-r09-anand-beats-aronian
http://en.chessbase.com/post/indian-success-in-iceland
http://en.chessbase.com/post/candidates-r08-caruana-is-back
#http://en.chessbase.com/88
http://en.chessbase.com/post/candidates-r07-nakamura-beats-topalov
http://en.chessbase.com/post/candidates-r06-anand-beats-svidler-aronian-wins
http://en.chessbase.com/post/candidates-r05-fabiano-s-benoni
http://en.chessbase.com/post/women-s-wch-g9-hou-yifan-wins-and-is-champion
http://en.chessbase.com/post/candidates-r04-super-sergey
#http://en.chessbase.com/89
http://en.chessbase.com/post/women-s-wch-g8-hou-yifan-half-point-from-title
http://en.chessbase.com/post/candidates-r03-aronian-beats-topalov
http://en.chessbase.com/post/candidates-r02-nakamura-implodes-karjakin-strikes
http://en.chessbase.com/post/women-s-wch-g7-long-fight-but-no-winner
http://en.chessbase.com/post/candidates-r01-anand-the-first-to-score
http://en.chessbase.com/post/opening-ceremony-at-the-candidates-2016
#11 March 2016