http://en.chessbase.com/post/european-championship-rd3-speedy-gonzales-or-swiss-gambit
http://en.chessbase.com/post/americans-dominate-spring-classic
http://en.chessbase.com/post/tactic-blog-oliver-reeh-02-06-17e
http://en.chessbase.com/post/charity-chess-using-chess-to-help-others
http://en.chessbase.com/post/european-championship-rd1-surprises-and-upsets
http://en.chessbase.com/post/tactic-blog-oliver-reeh-26-05-17e
http://en.chessbase.com/post/endgame-blog-karsten-mueller-902e
http://en.chessbase.com/post/asian-junior-2017-iran-sweeps-open-and-india-the-girls
http://en.chessbase.com/post/zalakaros-rd-1-4-early-upsets-in-gyula-sax-memorial
http://en.chessbase.com/post/moscow-grand-prix-ding-liren-wins-it-all
http://en.chessbase.com/post/moscow-grand-prix-r08-all-quiet-on-the-western-front
http://en.chessbase.com/post/moscow-grand-prix-r07-from-sizzling-to-fizzling
http://en.chessbase.com/post/50th-anniversary-tournament-in-biel-with-anatoly-karpov
http://en.chessbase.com/post/tactic-blog-oliver-reeh-19-05-17e
http://en.chessbase.com/post/moscow-grand-prix-r06-two-is-company-eight-is-a-crowd
http://en.chessbase.com/post/nunn-again-victory-after-38-years
http://en.chessbase.com/post/asian-continental-rd-1-6-china-and-vietnam-dominate-in-chengdu
http://en.chessbase.com/post/moscow-grand-prix-r05-six-crowd-the-podium
http://en.chessbase.com/post/moscow-grand-prix-r04-mamedyarov-wins-and-is-2801
http://en.chessbase.com/post/jobava-grandelius-win-sigeman-2017
http://en.chessbase.com/post/moscow-grand-prix-r03
http://en.chessbase.com/post/biel-main-open-resounding-victory-for-shankland
http://en.chessbase.com/post/kramnik-at-the-verbier-music-festival
http://en.chessbase.com/post/korobov-brilliant-at-poikovsky
http://en.chessbase.com/post/biel-juniors-won-by-bok-and-rambaldi
http://en.chessbase.com/post/a-breath-of-fresh-air-leiden-open-and-the-city
http://en.chessbase.com/post/the-joy-of-the-czech-open-games-festival
http://en.chessbase.com/post/ojas-journey-400-rating-points-in-37-days
http://en.chessbase.com/post/master-class-on-viktor-korchnoi-at-biel
http://en.chessbase.com/post/biel-blitz-mvl-continues-his-winning-ways
http://en.chessbase.com/post/turkish-super-league-starts-with-class-act
http://en.chessbase.com/post/critical-moments-in-chess-an-invaluable-lesson
http://en.chessbase.com/post/british-championships-2016-six-lead-with-3-5-4
http://en.chessbase.com/post/biel-vachier-lagrave-wins-match-against-svidler
http://en.chessbase.com/post/anton-korobov-leads-karpov-tournament-in-poikovsky
http://en.chessbase.com/post/biel-vachier-lagrave-wins-game-two
http://en.chessbase.com/post/erik-blomqvist-swedish-champion-2016
http://en.chessbase.com/post/roeland-pruijssers-wins-10th-leiden-open
http://en.chessbase.com/post/lake-sevan-vidit-gujrathi-wins
http://en.chessbase.com/post/biel-live-video-and-games-2
http://en.chessbase.com/post/biel-masters-draw-juniors-score
http://en.chessbase.com/post/eye-of-the-tiger-an-interview-with-nigel-davies
http://en.chessbase.com/post/the-1st-stars-cup-in-iran
http://en.chessbase.com/post/gajewski-succeeds-in-najdorf-memorial
http://en.chessbase.com/post/alexander-grischuk-wins-match-against-ding-liren
http://en.chessbase.com/post/49th-biel-festival-starts-with-rapid-action
http://en.chessbase.com/post/bilbao-rd-10-three-draws-carlsen-is-first-nakamura-second
http://en.chessbase.com/post/bilbao-rd-9-carlsen-beats-giri-and-wins-tournament
http://en.chessbase.com/post/bilbao-rd-8-two-draws-and-so-beats-giri
http://en.chessbase.com/post/uncompromising-chess-battles-in-jerusalem
http://en.chessbase.com/post/johan-salomon-is-new-norwegian-champion
http://en.chessbase.com/post/the-duel-magnus-carlsen-vs-sergey-karjakin
http://en.chessbase.com/post/double-the-fun-in-cardiff-2-2
http://en.chessbase.com/post/bilbao-rd-7-three-draws-on-fianchetto-day
http://en.chessbase.com/post/grandelius-and-westerberg-lead-at-swedish-championships
http://en.chessbase.com/post/double-the-fun-in-cardiff-1-2
http://en.chessbase.com/post/bilbao-wei-yi-cracks-berlin-wall
http://en.chessbase.com/post/jeffery-xiong-wins-u-s-junior
http://en.chessbase.com/post/evgeny-alekseev-wins-amsterdam-science-park
http://en.chessbase.com/post/dortmund-ends-with-three-draws-and-a-win
http://en.chessbase.com/post/bilbao-rd-5-three-draws
http://en.chessbase.com/post/world-senior-team-championship-2016
http://en.chessbase.com/post/maxime-vachier-lagrave-wins-dortmund
http://en.chessbase.com/post/bilbao-rd-4-another-impressive-win-by-carlsen
http://en.chessbase.com/post/dortmund-rd-5-vachier-lagrave-and-ponomariov-win
http://en.chessbase.com/post/bilbao-rd-3-carlsen-smashes-karjakin
http://en.chessbase.com/post/vibrant-tradition-the-norwegian-championships
http://en.chessbase.com/post/bilbao-rd-2-carlsen-overpowers-wei-yi
http://en.chessbase.com/post/women-s-grand-prix-in-chengdu-koneru-with-strong-finish
http://en.chessbase.com/post/mumbai-mayor-s-cup-2016-pictorial-impressions
http://en.chessbase.com/post/dortmund-vachier-lagrave-takes-lead
http://en.chessbase.com/post/bilbao-nakamura-beats-carlsen
http://en.chessbase.com/post/danzhou-only-draws-in-round-six
http://en.chessbase.com/post/vachier-lagrave-wins-cimannacce-blitz
http://en.chessbase.com/post/dortmund-rd-3-kramnik-in-the-style-of-tal
http://en.chessbase.com/post/hainan-danzhou-ian-nepomniachtchi-continues-to-win
http://en.chessbase.com/post/ian-nepomniachtchi-with-strong-start-in-danzhou
http://en.chessbase.com/post/dortmund-rd-2-ponomariov-wins
http://en.chessbase.com/post/third-porticcio-open-2016-in-corsica-2
http://en.chessbase.com/post/a-summer-chess-festivity-in-jerusalem
http://en.chessbase.com/post/bu-xiangzhi-takes-lead-in-danzhou
http://en.chessbase.com/post/dortmund-najer-and-vachier-lagrave-start-with-a-win