http://en.chessbase.com/post/moscow-grand-prix-r01-2
http://en.chessbase.com/post/moscow-grand-prix-r01
http://en.chessbase.com/post/sigeman-rd-2-erik-the-victorious
http://en.chessbase.com/post/russian-team-championship-siberia-sirius-and-yugra-win
http://en.chessbase.com/post/sigeman-nigel-short-doesn-t-need-a-viagra-after-a-finish-like-this
http://en.chessbase.com/post/wei-yi-wins-third-straight-chinese-championship
http://en.chessbase.com/post/returning-to-reyjavik
http://en.chessbase.com/post/blind-chess-school-is-surprise-winner-in-bangladesh
http://en.chessbase.com/post/russian-team-championship-shak-carries-his-team
http://en.chessbase.com/post/abu-dhabi-andreikin-wins-with-strong-finish
http://en.chessbase.com/post/a-real-chess-festival-the-91st-french-championship-in-agen
http://en.chessbase.com/post/everything-still-open-at-the-european-youth-championships-in-prague
http://en.chessbase.com/post/michael-adams-gets-wildcard-for-london-chess-classic-2016
http://en.chessbase.com/post/erice-playing-chess-with-your-head-in-the-clouds
http://en.chessbase.com/post/markus-ragger-wins-vienna-open
http://en.chessbase.com/post/abu-dhabi-more-than-a-100-titled-players-in-the-masters
http://en.chessbase.com/post/impressions-from-this-year-s-british-championships
http://en.chessbase.com/post/vienna-open-markus-ragger-leads-with-6-5-7
http://en.chessbase.com/post/stories-sights-and-studies-from-the-dutch-open
http://en.chessbase.com/post/jeffery-xiong-world-junior-champion
http://en.chessbase.com/post/wjcc-round-12
http://en.chessbase.com/post/91e-championnat-de-france
http://en.chessbase.com/post/world-juniors-jeffery-xiong-comes-closer-to-the-title
http://en.chessbase.com/post/vienna-open-22-players-lead-with-3-0-3
http://en.chessbase.com/post/janelle-may-frayna-leads-girls-world-junior-championship-u20
http://en.chessbase.com/post/world-juniors-jeffery-xiong-continues-to-win
http://en.chessbase.com/post/sandipan-chanda-dominates-dutch-open-in-dieren
http://en.chessbase.com/post/alina-l-ami-in-lund-sweden
http://en.chessbase.com/post/jeffery-xiong-leads-world-junior-u20-chess-championships
http://en.chessbase.com/post/french-championship-yannick-gozzoli-leads-with-3-0-4
http://en.chessbase.com/post/2016-sinquefield-cup-ultimate-moves-live
http://en.chessbase.com/post/sinquefield-rd9-wesley-so-takes-first
http://en.chessbase.com/post/world-youth-under-16-chess-olympiad
http://en.chessbase.com/post/sinquefield-rd8-exhaustion-gumption-and-redemption
http://en.chessbase.com/post/sinquefield-rd7-nothing-rotten-in-the-state-of-denmark
http://en.chessbase.com/post/sinquefield-rd6-so-leads-after-action-packed-round
http://en.chessbase.com/post/sinquefield-rd5-topalov-takes-lead-midway
http://en.chessbase.com/post/michael-adams-crushes-british-ch-with-10-0-11
http://en.chessbase.com/post/sinquefield-rd4-an-encore-of-draws
http://en.chessbase.com/post/sinquefield-rd3-the-return-of-the-draw
http://en.chessbase.com/post/sinquefield-rd2-thrills-and-drama-in-all-games
http://en.chessbase.com/post/turkish-league-great-games-great-organization
http://en.chessbase.com/post/sinquefield-rd1-an-excellent-start
