http://en.chessbase.com/post/pro-biz-cup-london-chess-classic
http://en.chessbase.com/post/navara-movsesian-simul-e
http://en.chessbase.com/post/ju-wenjun-wins-grand-prix
http://en.chessbase.com/post/maxim-dlugy-tie-break-e
http://en.chessbase.com/post/newsblog-wcc-carlsen-karjakin-2016-11-30-en
http://en.chessbase.com/post/grand-prix-der-frauen-nino-batsiashvili-und-ju-wenjun-in-fuehrung-en
http://en.chessbase.com/post/newsblog-wcc-carlsen-karjakin-2016-11-28-en
http://en.chessbase.com/post/wcc2016-dlugy-report-carlsen-karjakin-2016-11-27-game-11-new-york
http://en.chessbase.com/post/gm-urii-eliseev-dies
http://en.chessbase.com/post/newsblog-wcc-carlsen-karjakin-2016-11-27-en
http://en.chessbase.com/post/newsblog-wcc-carlsen-karjakin-2016-11-26
http://en.chessbase.com/post/aeroflot-open-2017e
http://en.chessbase.com/post/newsblog-wcc-carlsen-karjakin-2016-11-25-en
http://en.chessbase.com/post/newsblog-wcc-carlsen-karjakin-2016-11-24
http://en.chessbase.com/post/an-american-chess-resurgence
http://en.chessbase.com/post/newsblog-wcc-carlsen-karjakin-2016-11-23
http://en.chessbase.com/post/newsblog-wcc-carlsen-karjakin-2016-11-22
http://en.chessbase.com/post/khanty-mansiysk-three-players-lead-with-3-0-4
http://en.chessbase.com/post/kramnik-and-hou-yifan-play-match-in-medias-romania
http://en.chessbase.com/post/khanty-mansiysk-nino-batsiashvili-leads-with-3-0-3
http://en.chessbase.com/post/newsblog-wcc-carlsen-karjakin-2016-11-21
http://en.chessbase.com/post/khanty-mansiysk-rd-2-four-wins-two-draws
http://en.chessbase.com/post/newsblog-wcc-carlsen-karjakin-2016-11-20
http://en.chessbase.com/post/khanty-mansiysk-rd-1-three-wins
http://en.chessbase.com/post/the-world-senior-championship-begins
http://en.chessbase.com/post/newsblog-wcc-carlsen-karjakin-2016-11-19
http://en.chessbase.com/post/newsblog-wcc-carlsen-karjakin-2016-11-18
http://en.chessbase.com/post/new-york-2016-g5-the-tables-are-turned
http://en.chessbase.com/post/newsblog-wcc-carlsen-karjakin-2016-11-17
http://en.chessbase.com/post/who-will-challenge-the-world-champion
http://en.chessbase.com/post/new-york-2016-g4-persistence-vs-resilience
http://en.chessbase.com/post/newsblog-wcc-carlsen-karjakin-2016-11-16
http://en.chessbase.com/post/new-york-2016-dramatic-near-win-in-game-three
http://en.chessbase.com/post/anand-wins-champions-showdown-in-saint-louis
http://en.chessbase.com/post/newsblog-wcc-carlsen-karjakin-2016-11-15
http://en.chessbase.com/post/alkaloid-triumphs-at-the-european-club-cup-in-novi-sad
http://en.chessbase.com/post/anand-wins-rapid-and-leads-in-saint-louis
http://en.chessbase.com/post/newsblog-wcc-carlsen-karjakin-2016-11-14
http://en.chessbase.com/post/champions-showdown-2016-anand-and-topalov-lead
http://en.chessbase.com/post/chess-in-myanmar
http://en.chessbase.com/post/new-york-2016-game-two-brings-in-huge-lines-of-fans
http://en.chessbase.com/post/newsblog-wcc-carlsen-karjakin-2016-11-13
http://en.chessbase.com/post/new-york-2016-in-the-epicenter
http://en.chessbase.com/post/newsblog-wcc-carlsen-karjakin-game-2-draw-11-12
http://en.chessbase.com/post/anand-leads-at-the-champions-showdown
http://en.chessbase.com/post/newsblog-wcc-carlsen-karjakin-game-1-draw
http://en.chessbase.com/post/topalov-plays--la-mihail-tal