http://en.chessbase.com/post/wesley-so-beats-vishy-anand-and-wins-leon-masters-2017
http://en.chessbase.com/post/fide-grand-prix-geneva-alexander-grischuk-joins-the-lead
http://en.chessbase.com/post/fide-grand-prix-geneva-salem-and-rapport-steal-the-spotlight
http://en.chessbase.com/post/fide-grand-prix-geneva-teimour-radjabov-is-early-leader
http://en.chessbase.com/post/fide-grand-prix-geneva-off-to-a-flying-start
http://en.chessbase.com/post/world-open-petrosian-wins-abdumalik-is-sensation
http://en.chessbase.com/post/2017-russian-higher-league-volkov-and-romanov-lead-midway
http://en.chessbase.com/post/brilliancies-at-the-20th-maccabiah
http://en.chessbase.com/post/fide-grand-prix-geneva-will-all-star-cast-lead-to-masterpiece
http://en.chessbase.com/post/magnus-carlsen-wins-leuven-with-three-point-lead
http://en.chessbase.com/post/grand-chess-tour-leuven-express-magnus-carlsen-runs-away-with-event
http://en.chessbase.com/post/international-women-s-chess-festival-in-erfurt-2
http://en.chessbase.com/post/grand-chess-tour-leuven-the-magnus-carlsen-show
http://en.chessbase.com/post/grandmasters-stukopin-and-belous-storm-the-midwest
http://en.chessbase.com/post/grand-chess-tour-leuven-express-magnus-carlsen-catches-up-leader