#http://en.chessbase.com/106
http://en.chessbase.com/post/najer-wins-aeroflot-open-gelfand-is-silver
http://en.chessbase.com/post/women-s-wch-g6-hou-has-two-point-lead
http://en.chessbase.com/post/aeroflot-rd-8-evgenyi-najer-in-sole-lead-again
http://en.chessbase.com/post/2016-imsa-elite-mindgames-2-2
http://en.chessbase.com/post/reykjavik-open-kicks-off-2
http://en.chessbase.com/post/women-s-wch-g5-another-quick-draw
http://en.chessbase.com/post/aeroflot-r07-a-fight-for-every-point
http://en.chessbase.com/post/2016-imsa-elite-mindgames-1-2
http://en.chessbase.com/post/women-s-wch-g4-short-but-sweet
http://en.chessbase.com/post/aeroflot-open-rd6-tough-fights-and-great-games
http://en.chessbase.com/post/aeroflot-rd-5-najer-stays-sole-leader
http://en.chessbase.com/post/women-s-wch-g3-change-of-tactics-but-draw
http://en.chessbase.com/post/aeroflot-round-four-najer-leads-twelve-follow
http://en.chessbase.com/post/lima-a-place-to-visit
http://en.chessbase.com/post/2016-fide-world-chess-candidates-tournament
http://en.chessbase.com/post/aeroflot-open-rd3-a-leader-at-last
http://en.chessbase.com/post/women-s-wch-g2-hou-yifan-draws-first-blood
http://en.chessbase.com/post/magnus-carlsen-and-vishy-anand-clash-again
http://en.chessbase.com/post/chess-to-enjoy-the-caf-batavia-tournament
http://en.chessbase.com/post/women-s-wch-g1-a-quiet-italian
http://en.chessbase.com/post/aeroflot-open-rd2-the-challenge-of-being-a-favorite
http://en.chessbase.com/post/lawrence-trent-the-modern-grand-prix-attack
http://en.chessbase.com/post/2016-khazar-cup-in-iran-brings-758-players
http://en.chessbase.com/post/aeroflot-open-2016-round-one-in-moscow
http://en.chessbase.com/post/short-wins-bunratty-masters
http://en.chessbase.com/post/tehran-wgp-final-ju-wenjun-is-gold-sara-is-silver
http://en.chessbase.com/post/kamsky-wins-cappelle-la-grande-open
http://en.chessbase.com/post/adhiban-from-challenger-to-master-part-two
http://en.chessbase.com/post/dzagnidze-stumbles-zhao-advances
http://en.chessbase.com/post/carlsen-s-70-board-simul-in-hamburg
http://en.chessbase.com/post/tehran-wgp-rd8-nana-dzagnidze-takes-command
http://en.chessbase.com/post/adhiban-from-a-challenger-to-a-master
http://en.chessbase.com/post/tehran-wgp-rd5-keeping-the-status-quo
http://en.chessbase.com/post/4ncl-in-birmingham
http://en.chessbase.com/post/tehran-wgp-rd4-valentina-s-day
http://en.chessbase.com/post/which-was-the-best-game-of-day-two
http://en.chessbase.com/post/zurich-2016-nakamura-does-it-again
http://en.chessbase.com/post/zurich-2016-day-two-kramnik-inches-closer
http://en.chessbase.com/post/tehran-wgp-rd3-zhao-xue-is-the-winner-of-the-day
http://en.chessbase.com/post/zurich-2016-day-one-anand-wins-two
http://en.chessbase.com/post/tehran-wgp-rd2-pogonina-starts-with-2-2
http://en.chessbase.com/post/nakamura-wins-opening-blitz-in-zurich
http://en.chessbase.com/post/tehran-wgp-rd1-what-a-setting
#2/12/2016
#http://en.chessbase.com/110