http://en.chessbase.com/post/sutovsky-and-najer-supreme-at-karpov-poikovsky
http://en.chessbase.com/post/isle-of-man-r08-how-to-mate-with-a-bishop-and-knight
http://en.chessbase.com/post/third-edition-of-millionaire-chess-starts
http://en.chessbase.com/post/isle-of-man-07-harika-beats-hou-yifan
http://en.chessbase.com/post/isle-of-man-rd-6-pavel-eljanov-leads-with-5-5-6
http://en.chessbase.com/post/ian-nepomniachtchi-wins-tal-memorial-2
http://en.chessbase.com/post/karpov-and-timman-play-match-in-murmansk
http://en.chessbase.com/post/isle-of-man-rd5-upsets-and-superstitions
http://en.chessbase.com/post/tal-memorial-rd8-five-draws-and-nepo-leads
http://en.chessbase.com/post/isle-of-man-rd-4-shirov-takes-sole-lead-with-4-0-4
http://en.chessbase.com/post/tal-round-7-peace-in-moscow
http://en.chessbase.com/post/the-world-youth-championships-end-in-khanty-mansiysk
http://en.chessbase.com/post/2016-isle-of-man-rd3-action-all-around
http://en.chessbase.com/post/isle-of-man-01-02-wesley-held-by-harika
http://en.chessbase.com/post/tal-round-6-white-bloodbath
http://en.chessbase.com/post/tal-round-5-anand-roars-back
http://en.chessbase.com/post/tal-round-4-giri-on-fire-two-other-wins
http://en.chessbase.com/post/back-to-form-in-mexico
http://en.chessbase.com/post/tal-round-3-three-wins
http://en.chessbase.com/post/how-anand-trounced-mamedyarov-s-speculative-sacrifice
http://en.chessbase.com/post/tal-round-2-anand-giri-show-power
http://en.chessbase.com/post/carlsen-wins-handicap-simul-11-0
http://en.chessbase.com/post/tal-round-1-nepo-crushes