http://en.chessbase.com/post/grand-chess-tour-saint-louis-rapid-blitz-live
http://en.chessbase.com/post/2017-u-s-open-lenderman
http://en.chessbase.com/post/st-louis-rapid-blitz-live
http://en.chessbase.com/post/indian-prodigy-praggnanandhaa-s-dutch-domination
http://en.chessbase.com/post/grand-chess-tour-sinquefield-cup-live
http://en.chessbase.com/post/sinquefield-cup-round-eight
http://en.chessbase.com/post/sinquefield-cup-round-seven
http://en.chessbase.com/post/sinquefield-cup-round-six
http://en.chessbase.com/post/charleroi-open-2017
http://en.chessbase.com/post/sinquefield-cup-round-5
http://en.chessbase.com/post/grand-chess-tour-sinquefield-cup-round-4
http://en.chessbase.com/post/british-championship-live
http://en.chessbase.com/post/faroes-open-more-than-a-chess-tournament
http://en.chessbase.com/post/grand-chess-tour-sinquefield-cup-round-three
http://en.chessbase.com/post/grand-chess-tour-sinquefield-cup-round-2
http://en.chessbase.com/post/august-2017-fide-ratings-the-rise-of-the-prodigies
http://en.chessbase.com/post/jobava-wins-xtracon-in-extraordinary-fashion
http://en.chessbase.com/post/grand-chess-tour-sinquefield-cup-round-1
http://en.chessbase.com/post/50th-biel-round-9
http://en.chessbase.com/post/paleochora-open-2017-where-the-entire-town-celebrates-chess
http://en.chessbase.com/post/50th-biel-round-8
http://en.chessbase.com/post/alex-yermolinsky-wins-us-senior-open
http://en.chessbase.com/post/50th-biel-round-7
http://en.chessbase.com/post/match-of-the-millennials-world-smashes-us
http://en.chessbase.com/post/stupak-nikolov-and-bernadskiy-win-the-10th-paleochora-open-2017
http://en.chessbase.com/post/british-championship-round-2-live
http://en.chessbase.com/post/50th-biel-round-6
http://en.chessbase.com/post/chess-in-guadeloupe-the-butterfly-effect-part-two
http://en.chessbase.com/post/greet-is-great-at-150th-dundee-anniversary
http://en.chessbase.com/post/chess-in-guadeloupe-the-butterfly-effect-part-one
http://en.chessbase.com/post/50th-biel-chess-festival-round-5

