http://en.chessbase.com/post/the-warakomskas-give-a-fitting-tribute-to-their-mother
http://en.chessbase.com/post/who-will-become-india-s-50th-gm
http://en.chessbase.com/post/kitty-learns-chess-at-bridge
http://en.chessbase.com/post/11th-chessbase-india-show-with-peter-heine-nielsen
http://en.chessbase.com/post/amin-bassem-wins-strong-abu-dhabi-masters
http://en.chessbase.com/post/vetoshko-volodymyr-wins-1st-irena-warakomska-memorial
http://en.chessbase.com/post/maxime-vachier-lagrave-at-the-sinquefield-cup-2017-a-look-at-his-games
http://en.chessbase.com/post/vachier-lagrave-on-his-sinquefield-cup-triumph
http://en.chessbase.com/post/impressions-from-the-rtu-open-in-riga-2
http://en.chessbase.com/post/kasparov-in-st-louis-a-closer-look
http://en.chessbase.com/post/wesley-so-s-so-so-sinquefield
http://en.chessbase.com/post/sandipan-dutch-championship-2017
http://en.chessbase.com/post/grand-chess-tour-saint-louis-rapid-blitz-day-5
http://en.chessbase.com/post/grand-chess-tour-saint-louis-rapid-blitz-live
http://en.chessbase.com/post/grand-chess-tour-saint-louis-rapid-blitz-day-4
http://en.chessbase.com/post/giri-gewinnt-match-gegen-ding-liren
http://en.chessbase.com/post/grand-chess-tour-saint-louis-rapid-blitz-day-3
http://en.chessbase.com/post/grand-chess-tour-saint-louis-rapid-blitz-day-2