http://en.chessbase.com/post/banff-open-chess-in-the-mountains
http://en.chessbase.com/post/duchamp-in-rio-finishes-in-style
http://en.chessbase.com/post/simon-says-42
http://en.chessbase.com/post/norway-and-kazakhstan-win-gold-at-world-junior-championship
http://en.chessbase.com/post/fide-gp-in-palma-jakovenko-and-aronian-share-first
http://en.chessbase.com/post/fide-gp-in-palma-chasing-the-dream
http://en.chessbase.com/post/fide-gp-in-palma-grit-and-determination
http://en.chessbase.com/post/julio-granda-world-senior-champ-over-50
http://en.chessbase.com/post/fide-gp-in-palma-tomashevsky-beats-radjabov
http://en.chessbase.com/post/zhansaya-abdumalik-and-aryan-tari-lead-in-the-world-juniors
http://en.chessbase.com/post/runavik-open
http://en.chessbase.com/post/fide-gp-in-palma-the-quiet-after-the-storm
http://en.chessbase.com/post/simon-says-spectacular-positions-4
http://en.chessbase.com/post/chess-festival-aeroflot-open-2018
http://en.chessbase.com/post/fide-gp-in-palma-sac-sac-mate
http://en.chessbase.com/post/fide-gp-in-palma-missed-opportunities
http://en.chessbase.com/post/fide-gp-in-palma-the-lions-are-awakened
http://en.chessbase.com/post/tania-sachdevs-twelfth-knight
http://en.chessbase.com/post/12-year-old-beats-top-seed-gm
http://en.chessbase.com/post/fide-grand-prix-in-palma-a-promising-start
http://en.chessbase.com/post/duchamp-in-rio-off-to-a-sunny-start
http://en.chessbase.com/post/can-radjabov-and-mvl-make-it-to-the-candidates
http://en.chessbase.com/post/27th-fide-world-senior-chess-championship
http://en.chessbase.com/post/champions-showdown-live-6
http://en.chessbase.com/post/champions-showdown-ein-massaker
http://en.chessbase.com/post/the-weekly-show-with-lawrence-trent-11
http://en.chessbase.com/post/the-weekly-show-with-lawrence-trent-12
http://en.chessbase.com/post/champions-showdown-live
http://en.chessbase.com/post/nigel-short-philippines-win-bacolod
http://en.chessbase.com/post/ding-liren-plays-brilliancy
http://en.chessbase.com/post/oibm-tegernsee-spannung-bis-zur-letzten-minute
http://en.chessbase.com/post/magistral-ciudad-de-barcelona-previa-2017
http://en.chessbase.com/post/the-weekly-show-with-lawrence-trent-10
http://en.chessbase.com/post/european-team-championship-2017-live
http://en.chessbase.com/post/simon-says-spectacular-positions-3
http://en.chessbase.com/post/gold-to-russian-women
http://en.chessbase.com/post/european-team-championship-2017-rounds-6-8
http://en.chessbase.com/post/how-to-lose-to-a-9-year-old-at-chess
http://en.chessbase.com/post/tiviakov-capri-2017
http://en.chessbase.com/post/european-team-championship-women-2017-russia
http://en.chessbase.com/post/european-team-championship-2017-rounds-5-6
http://en.chessbase.com/post/the-land-of-gandhi-invites-you-for-world-youth-olympiad-2017
http://en.chessbase.com/post/yermo-s-travelogue-the-2017-spice-cup
http://en.chessbase.com/post/european-team-championship-2017-round-1-2
http://en.chessbase.com/post/kramnik-to-play-2018-candidates
http://en.chessbase.com/post/suspense-will-nodirbek-make-it
http://en.chessbase.com/post/european-rapid-blitz-champions-muzychuk-kosteniuk
http://en.chessbase.com/post/hoogeveen-blitz-decides-the-fate-of-both-matches
http://en.chessbase.com/post/1st-laos-international-open-chess-championship
http://en.chessbase.com/post/hoogeveen-tiebreak-live
http://en.chessbase.com/post/a-chess-tournament-on-a-train
http://en.chessbase.com/post/chess-tournament-on-the-sea
http://en.chessbase.com/post/argentina-chess-championship-2017
http://en.chessbase.com/post/the-weekly-show-with-lawrence-trent-9
http://en.chessbase.com/post/hoogeveen-rounds-1-3-a-power-packed-first-half
http://en.chessbase.com/post/judit-polgar-s-global-chess-festival
http://en.chessbase.com/post/kramnik-and-the-reti-part-2
http://en.chessbase.com/post/first-jamaica-international-festival
http://en.chessbase.com/post/the-weekly-show-with-lawrence-trent-8
http://en.chessbase.com/post/kramnik-and-the-reti-part-1
http://en.chessbase.com/post/european-club-cup-2017-globus-first-at-the-finish
http://en.chessbase.com/post/three-indians-at-the-isle-of-man-2017
http://en.chessbase.com/post/european-club-cup-live
http://en.chessbase.com/post/yermo-s-travelogue-the-innsbruck-open
http://en.chessbase.com/post/european-club-cup-just-two-teams-with-100-percent
http://en.chessbase.com/post/andriy-vovk-wins-in-oslo
http://en.chessbase.com/post/isle-of-man-pictorial
http://en.chessbase.com/post/the-weekly-show-with-lawrence-trent-7
http://en.chessbase.com/post/ivan-salgado-spanish-champion-2017
http://en.chessbase.com/post/too-fast-too-strong-carlsen-s-singapore-simul
http://en.chessbase.com/post/strong-and-fast-the-russian-blitz-and-rapid-championships
http://en.chessbase.com/post/candidates-cool-venue
http://en.chessbase.com/post/asian-indoor-games-ashgabat-2017
http://en.chessbase.com/post/join-the-negros-international-open-in-bacolod
http://en.chessbase.com/post/magnus-carlsen-wins-isle-of-man-open
http://en.chessbase.com/post/isle-of-man-live
http://en.chessbase.com/post/isle-of-man-open-magnus-carlsen-beats-fabiano-caruana
http://en.chessbase.com/post/isle-of-man-open-nothing-is-written
http://en.chessbase.com/post/fall-chess-classic-saint-louis
http://en.chessbase.com/post/isle-of-man-the-show-must-go-on
http://en.chessbase.com/post/12-years-later-aronian-wins-the-fide-world-cup-again
http://en.chessbase.com/post/fide-world-cup-2017-live
http://en.chessbase.com/post/isle-of-man-the-unblemished-record
http://en.chessbase.com/post/fide-world-cup-2017-die-another-day
http://en.chessbase.com/post/isle-of-man-kramnik-candidates-crisis
http://en.chessbase.com/post/world-cup-2017-final-game-2-recap-2
http://en.chessbase.com/post/fide-world-cup-2017-aronian-s-masterful-technique-falls-short
http://en.chessbase.com/post/isle-of-man-open-caruana-beats-kramnik
http://en.chessbase.com/post/fide-world-cup-finals-ding-liren-s-immaculate-opening-preparation
http://en.chessbase.com/post/free-day-at-the-world-cup-2017
http://en.chessbase.com/post/all-my-life-i-must-try-to-improve-my-chess-level-vassily-ivanchuk
http://en.chessbase.com/post/world-cup-2017-semifinal-tiebreaks-recap
http://en.chessbase.com/post/fide-world-cup-2017-aronian-and-ding-liren-make-it-to-candidates-2018
http://en.chessbase.com/post/world-cup-2017-semifinal-game-2-recap
http://en.chessbase.com/post/fide-world-cup-2017-ding-liren-returns-the-favour
http://en.chessbase.com/post/semi-finals-game-one
http://en.chessbase.com/post/world-cup-the-odds-of-making-the-final
http://en.chessbase.com/post/wesley-so-extended-interview
http://en.chessbase.com/post/yermo-s-travelogue-the-63rd-iowa-open
http://en.chessbase.com/post/fide-world-cup-2017-nasty-21-kc7-seals-svidler-s-fate
http://en.chessbase.com/post/fide-world-cup-2017-aronian-so-ding-advance
http://en.chessbase.com/post/fide-world-cup-2017-flawless-aronian-crushes-chucky
http://en.chessbase.com/post/fide-world-cup-2017-high-quality-chess-by-mvl-and-grischuk
http://en.chessbase.com/post/fide-world-cup-2017-aronian-and-ivanchuk-set-up-round-five-clash
http://en.chessbase.com/post/2017-southwest-open
http://en.chessbase.com/post/the-road-to-the-candidates-2018
http://en.chessbase.com/post/fide-world-cup-2017-ivanchuk-is-ivanchuk
http://en.chessbase.com/post/fide-world-cup-2017-down-to-the-last-16
http://en.chessbase.com/post/world-cup-2017-round-3-recap
http://en.chessbase.com/post/fide-world-cup-2017-world-no-35-eliminates-world-no-1
http://en.chessbase.com/post/fide-world-cup-2017-can-magnus-carlsen-save-himself
http://en.chessbase.com/post/fide-world-cup-2017-10-players-above-2700-knocked-out
http://en.chessbase.com/post/fide-world-cup-2017-anand-and-karjakin-knocked-out
http://en.chessbase.com/post/fide-world-cup-2017-round-2-1
http://en.chessbase.com/post/world-cup-2017-round-1-recap-3
http://en.chessbase.com/post/fide-world-cup-2017-tiebreaks-nail-biting-chess-and-true-sportsmanship
http://en.chessbase.com/post/interview-irene-sukandar
http://en.chessbase.com/post/yermo-s-travelogue-the-twin-ports-open
http://en.chessbase.com/post/world-cup-2017-22-games-enter-the-tiebreaks
http://en.chessbase.com/post/world-cup-2017-35-decisive-games
http://en.chessbase.com/post/tbilisi-loves-you
http://en.chessbase.com/post/us-masters-to-vladimir-belous
http://en.chessbase.com/post/rinat-jumabayev-champion-barcelona-sants-open
http://en.chessbase.com/post/the-weekly-show-with-lawrence-trent-6
http://en.chessbase.com/post/etienne-bacrot-wins-french-championship

