http://en.chessbase.com/post/norway-chess-round-7-carlsen-tied-for-last
#http://en.chessbase.com/59
http://en.chessbase.com/post/russia-wins-friendship-match-agains-china
http://en.chessbase.com/post/johann-hjartarson-is-back
http://en.chessbase.com/post/ivan-ivanisevic-triumphs-in-zalakaros
http://en.chessbase.com/post/russia-vs-china
http://en.chessbase.com/post/anand-continues-to-win-ciudad-de-leon
http://en.chessbase.com/post/hikaru-nakamura-wins-grand-chess-tour-paris
http://en.chessbase.com/post/paris-nakamura-and-carlsen-dominate
http://en.chessbase.com/post/rapport-wins-match-against-navara
http://en.chessbase.com/post/mcl-2016-where-chess-meets-fun-2
http://en.chessbase.com/post/paris-nakamura-wins-rapid-tournament
http://en.chessbase.com/post/russia-china-friendship-match-starts-in-moscow
http://en.chessbase.com/post/chess-holidays
http://en.chessbase.com/post/follow-the-grand-chess-tour-paris-live
http://en.chessbase.com/post/clichy-wins-french-top-12
#http://en.chessbase.com/60
http://en.chessbase.com/post/paris-carlsen-and-nakamura-lead-after-day-1
http://en.chessbase.com/post/anna-ushenina-is-european-women-s-champion
http://en.chessbase.com/post/action-and-fun-watch-the-grand-chess-tour-paris-live
http://en.chessbase.com/post/let-s-go-the-grand-chess-tour-begins-in-paris
http://en.chessbase.com/post/afghanistan-rising-a-request-for-support
http://en.chessbase.com/post/entertaining-start-of-the-cez-chess-trophy-2016
http://en.chessbase.com/post/close-final-at-the-european-women-s-championship
http://en.chessbase.com/post/sethuruman-and-kulkarni-win-asian-continental
