http://en.chessbase.com/post/david-vs-goliath-my-first-win-against-a-2600-gm
http://en.chessbase.com/post/altibox-norway-rd6-aronian-beats-kramnik-and-ties-for-lead
http://en.chessbase.com/post/altibox-norway-rd5-back-to-normal
http://en.chessbase.com/post/altibox-norway-rd4-spectacular-sacrifices-and-stalemates
http://en.chessbase.com/post/altibox-norway-r3-more-draws
http://en.chessbase.com/post/european-championship-rd8-and-then-there-was-one
http://en.chessbase.com/post/altibox-norway-r2-four-draws
http://en.chessbase.com/post/european-championship-rd7-let-the-race-begin
http://en.chessbase.com/post/altibox-norway-r1-nakamura-victorious
http://en.chessbase.com/post/norway-blitz-magnus-carlsen-is-untouchable
http://en.chessbase.com/post/european-championship-rd5-swings-and-surges
http://en.chessbase.com/post/grischuk-vs-yu-the-signing-ceremony
http://en.chessbase.com/post/chengdu-rd-6-four-draws-two-wins
http://en.chessbase.com/post/strong-grandmaster-tournament-begins-in-danzhou-china
http://en.chessbase.com/post/areshchenko-wins-the-3rd-porticcio-open-2016
http://en.chessbase.com/post/chengdu-rd-5-ju-wenjun-and-olga-girya-win
http://en.chessbase.com/post/grand-prix-chengdu-humpy-koneru-takes-lead
http://en.chessbase.com/post/world-seniors-germany-and-russia-win
http://en.chessbase.com/post/grigoriy-oparin-wins-russian-higher-league
http://en.chessbase.com/post/panamerican-junior-championships-in-guatepe
http://en.chessbase.com/post/world-team-championship-seniors
http://en.chessbase.com/post/shanghai-leads-in-chinese-chess-league
http://en.chessbase.com/post/czech-republic-wins-mitropa-cup
http://en.chessbase.com/post/leuven
http://en.chessbase.com/post/edmonton-shankland-wins-with-8-0-9
http://en.chessbase.com/post/erwin-l-ami-is-dutch-online-blitz-champion
http://en.chessbase.com/post/farrukh-amonatov-wins-eurasian-blitz-chess-cup
http://en.chessbase.com/post/edmonton-shankland-beats-ganguly
http://en.chessbase.com/post/edmonton-ganguly-leads-with-7-0-7
http://en.chessbase.com/post/chess-festival-lublin-europe-wins-against-poland
http://en.chessbase.com/post/ivanchuk-wins-51-capablanca-memorial
http://en.chessbase.com/post/carlsen-wins-grand-chess-tour-leuven
http://en.chessbase.com/post/ortisei-strong-chess-in-idyllic-surroundings
http://en.chessbase.com/post/leuven-day-3-hard-fought-blitz-keeps-carlsen-in-lead
http://en.chessbase.com/post/leuven-day-2-carlsen-wins-rapid-after-4-4-day
http://en.chessbase.com/post/leuven-day-1-anand-leads-after-nervy-first-day
