http://en.chessbase.com/post/grand-chess-tour-leuven-express-wesley-so-wins-rapid-stage
http://en.chessbase.com/post/grand-chess-tour-leuven-wesley-so-increases-lead
http://en.chessbase.com/post/sasikiran-wins-2017-capablanca-memorial-part-one
http://en.chessbase.com/post/grand-chess-tour-leuven-wesley-so-storms-first-day
http://en.chessbase.com/post/the-game-of-the-week-1
http://en.chessbase.com/post/come-play-in-the-shire-of-modern-earth
http://en.chessbase.com/post/china-and-russia-win-fide-world-team-championship
http://en.chessbase.com/post/the-weekly-show-with-lawrence-trent-2
http://en.chessbase.com/post/magnus-carlsen-wins-grand-chess-tour-paris-in-exciting-finish
http://en.chessbase.com/post/fide-world-team-championship-china-and-russia-lead
http://en.chessbase.com/post/grand-chess-tour-paris-express-magnus-carlsen-beats-vachier-lagrave-in-playoff
http://en.chessbase.com/post/fide-world-team-championship-china-beats-russia-and-takes-lead
http://en.chessbase.com/post/grand-chess-tour-paris-hikaru-nakamura-closes-in-on-lead
http://en.chessbase.com/post/grand-chess-tour-paris-magnus-carlsen-wins-rapid-phase
http://en.chessbase.com/post/fide-world-team-championship-russia-leads-open-and-women
http://en.chessbase.com/post/grand-chess-tour-paris-magnus-carlsen-dominates
http://en.chessbase.com/post/world-teams-r5-invincible-turkey
http://en.chessbase.com/post/grand-chess-tour-paris-magnus-carlsen-and-wesley-so-lead
http://en.chessbase.com/post/fide-world-team-championship-india-shines
http://en.chessbase.com/post/fide-world-team-championship-poland-takes-the-lead
http://en.chessbase.com/post/maxim-matlakov-is-2017-european-individual-champion
http://en.chessbase.com/post/voronezh-chess-volkov-leads-alekhine-memorial-festival
http://en.chessbase.com/post/fide-world-team-championship-turkey-holds-russia-to-draw
http://en.chessbase.com/post/fide-world-team-championship-china-crushes-belarus
http://en.chessbase.com/post/fide-world-team-chess-championships-opened
http://en.chessbase.com/post/levon-aronian-wins-norway-chess-2017
http://en.chessbase.com/post/norway-chess-round-8-carlsen-defeats-karjakin