http://en.chessbase.com/post/eltaj-safarli-wins-chess-festival-basel
http://en.chessbase.com/post/zurich-abasov-with-best-tie-break
http://en.chessbase.com/post/krishnan-sasikiran-wins-rilton-cup
http://en.chessbase.com/post/gm-deep-sengupta-wins-hastings-masters
http://en.chessbase.com/post/jinshi-bai-wins-groningen
http://en.chessbase.com/post/sergey-karjakin-is-world-blitz-champion-2016
http://en.chessbase.com/post/world-blitz-championship-carlsen-and-karjakin-lead
http://en.chessbase.com/post/upsets-rilton-cup-stockholm
http://en.chessbase.com/post/vassily-ivanchuk-is-new-world-champion-in-rapid-chess
http://en.chessbase.com/post/rapid-world-championship-vassily-ivanchuk-strikes
http://en.chessbase.com/post/lazaro-bruzon-wins-carlos-torre-memorial
http://en.chessbase.com/post/carlsen-karjakin-stumble-at-world-rapid-championship
http://en.chessbase.com/post/wei-yi-against-rapport-armageddon
http://en.chessbase.com/post/london-chess-classic-2016-closing-ceremony
http://en.chessbase.com/post/wei-yi-against-rapport
http://en.chessbase.com/post/chess-adventures-in-hainan
http://en.chessbase.com/post/wei-yi-vs-richard-rapport-in-four-game-match-5
http://en.chessbase.com/post/europe-rapid-and-blitz-championships-riazantsev-und-andreikin
http://en.chessbase.com/post/israeli-championships-tiberias
http://en.chessbase.com/post/three-lead-at-the-sitges-open-2016
http://en.chessbase.com/post/the-first-lady-of-the-london-chess-classic
http://en.chessbase.com/post/wesley-so-double-winner-in-london
http://en.chessbase.com/post/london-chess-classic-rd-8e
http://en.chessbase.com/post/london-chess-classic-2016-the-french-do-it-for-mvl-2
http://en.chessbase.com/post/caruana-brilliancy-the-engine-challenge
http://en.chessbase.com/post/london-rd-7-the-nakamura-show
http://en.chessbase.com/post/london-chess-classic-rd-6e
http://en.chessbase.com/post/nunn-the-wiser
http://en.chessbase.com/post/london-chess-classic-rd-5
http://en.chessbase.com/post/london-chess-classic-rd-4
http://en.chessbase.com/post/london-chess-classic-2016-round-2-report
http://en.chessbase.com/post/london-rd-3-wesley-so-remains-the-lead-2
http://en.chessbase.com/post/london-rd-2-anand-so-and-caruana
http://en.chessbase.com/post/2016-london-chess-classic-round-1-report-by-sabrina-chevannes
http://en.chessbase.com/post/london-chess-classic-round-1
http://en.chessbase.com/post/pro-biz-cup-london-chess-classic
http://en.chessbase.com/post/navara-movsesian-simul-e
http://en.chessbase.com/post/ju-wenjun-wins-grand-prix
http://en.chessbase.com/post/maxim-dlugy-tie-break-e
http://en.chessbase.com/post/newsblog-wcc-carlsen-karjakin-2016-11-30-en
http://en.chessbase.com/post/grand-prix-der-frauen-nino-batsiashvili-und-ju-wenjun-in-fuehrung-en
http://en.chessbase.com/post/newsblog-wcc-carlsen-karjakin-2016-11-28-en
http://en.chessbase.com/post/wcc2016-dlugy-report-carlsen-karjakin-2016-11-27-game-11-new-york
http://en.chessbase.com/post/gm-urii-eliseev-dies
http://en.chessbase.com/post/newsblog-wcc-carlsen-karjakin-2016-11-27-en
http://en.chessbase.com/post/newsblog-wcc-carlsen-karjakin-2016-11-26
http://en.chessbase.com/post/aeroflot-open-2017e
http://en.chessbase.com/post/newsblog-wcc-carlsen-karjakin-2016-11-25-en
http://en.chessbase.com/post/newsblog-wcc-carlsen-karjakin-2016-11-24
http://en.chessbase.com/post/an-american-chess-resurgence
http://en.chessbase.com/post/newsblog-wcc-carlsen-karjakin-2016-11-23
http://en.chessbase.com/post/newsblog-wcc-carlsen-karjakin-2016-11-22
http://en.chessbase.com/post/khanty-mansiysk-three-players-lead-with-3-0-4
http://en.chessbase.com/post/kramnik-and-hou-yifan-play-match-in-medias-romania
http://en.chessbase.com/post/khanty-mansiysk-nino-batsiashvili-leads-with-3-0-3
http://en.chessbase.com/post/newsblog-wcc-carlsen-karjakin-2016-11-21
http://en.chessbase.com/post/khanty-mansiysk-rd-2-four-wins-two-draws
http://en.chessbase.com/post/newsblog-wcc-carlsen-karjakin-2016-11-20
http://en.chessbase.com/post/khanty-mansiysk-rd-1-three-wins
http://en.chessbase.com/post/the-world-senior-championship-begins
http://en.chessbase.com/post/newsblog-wcc-carlsen-karjakin-2016-11-19
http://en.chessbase.com/post/newsblog-wcc-carlsen-karjakin-2016-11-18
http://en.chessbase.com/post/new-york-2016-g5-the-tables-are-turned
http://en.chessbase.com/post/newsblog-wcc-carlsen-karjakin-2016-11-17
http://en.chessbase.com/post/who-will-challenge-the-world-champion
http://en.chessbase.com/post/new-york-2016-g4-persistence-vs-resilience
http://en.chessbase.com/post/newsblog-wcc-carlsen-karjakin-2016-11-16
http://en.chessbase.com/post/new-york-2016-dramatic-near-win-in-game-three
http://en.chessbase.com/post/anand-wins-champions-showdown-in-saint-louis
http://en.chessbase.com/post/newsblog-wcc-carlsen-karjakin-2016-11-15
http://en.chessbase.com/post/alkaloid-triumphs-at-the-european-club-cup-in-novi-sad
http://en.chessbase.com/post/anand-wins-rapid-and-leads-in-saint-louis
http://en.chessbase.com/post/newsblog-wcc-carlsen-karjakin-2016-11-14
http://en.chessbase.com/post/champions-showdown-2016-anand-and-topalov-lead
http://en.chessbase.com/post/chess-in-myanmar
http://en.chessbase.com/post/new-york-2016-game-two-brings-in-huge-lines-of-fans
http://en.chessbase.com/post/newsblog-wcc-carlsen-karjakin-2016-11-13
http://en.chessbase.com/post/new-york-2016-in-the-epicenter
http://en.chessbase.com/post/newsblog-wcc-carlsen-karjakin-game-2-draw-11-12
http://en.chessbase.com/post/anand-leads-at-the-champions-showdown
http://en.chessbase.com/post/newsblog-wcc-carlsen-karjakin-game-1-draw
http://en.chessbase.com/post/topalov-plays--la-mihail-tal