http://en.chessbase.com/post/tal-memorial-blitz-won-by-mamedyarov-2
http://en.chessbase.com/post/magnus-carlsen-plays-handicap-simul-live-video-from-new-york
http://en.chessbase.com/post/jan-krzysztof-duda-plays-best-game-in-the-bundesliga
http://en.chessbase.com/post/learning-from-kramnik
http://en.chessbase.com/post/view-from-the-pack-australia-at-the-baku-olympiad
http://en.chessbase.com/post/even-kramnik-couldn-t-find-this-one	
http://en.chessbase.com/post/im-li-ruifeng-wins-north-american-junior-open-u20	
http://en.chessbase.com/post/tie-break-system-decides-olympiad
http://en.chessbase.com/post/2016-baku-rd11-us-wins-historic-gold-china-wins-women-s
http://en.chessbase.com/post/chess-olympiad-in-baku-round-ten-daniel-king-reports
http://en.chessbase.com/post/2016-baku-rd10-china-to-face-russia-to-decide-women-s
http://en.chessbase.com/post/video-sam-shankland-explains-his-win-against-frode-urkedal
http://en.chessbase.com/post/2016-baku-rd9-us-and-ukraine-lead-russia-third
http://en.chessbase.com/post/daniel-king-analyzes-baku-olympiad-round-8
http://en.chessbase.com/post/2016-baku-rd8-usa-versus-russia
http://en.chessbase.com/post/daniel-king-analyzes-baku-olympiad-rounds-6-and-7
http://en.chessbase.com/post/where-is-vassily-ivanchuk
http://en.chessbase.com/post/2016-baku-rd7-the-day-the-giants-fell
http://en.chessbase.com/post/2016-baku-rd6-india-takes-sole-lead-in-open
http://en.chessbase.com/post/team-india-at-the-chess-olympiad-in-baku
http://en.chessbase.com/post/america-s-young-chess-champs
http://en.chessbase.com/post/2016-baku-rd5-a-day-of-brilliancies
http://en.chessbase.com/post/daniel-king-highlights-of-round-5-in-baku
http://en.chessbase.com/post/poland-best-in-attack-and-defense-at-nato-chess-championships
http://en.chessbase.com/post/2016-baku-rd4-russia-succumbs-to-ukraine
http://en.chessbase.com/post/daniel-king-highlights-of-the-olympiad
http://en.chessbase.com/post/2016-baku-rd3-china-held-to-draw-by-vietnam-2
http://en.chessbase.com/post/russia-dominated-european-youth-championship
http://en.chessbase.com/post/2016-baku-rd2-the-climb-steepens
http://en.chessbase.com/post/2016-baku-rd1-bulgaria-held-to-draw-by-sudan
http://en.chessbase.com/post/celebrating-chess-the-bundesliga-plays-final-rounds-in-berlin
http://en.chessbase.com/post/learning-from-an-epic-endgame-defense