https://en.chessbase.com/post/dhopade-wins-india-s-2015-national-challengers
https://en.chessbase.com/post/sinquefield-cup-recap
https://en.chessbase.com/post/wjcc-2015-duda-and-abdumalik-lead
https://en.chessbase.com/post/baku-1-2-many-tiebreaks
https://en.chessbase.com/post/warakomski-wins-2015-rubinstein-memorial
https://en.chessbase.com/post/baku-1-1-upsets-here-and-there
https://en.chessbase.com/post/baku-1-tb-one-armageddon-one-big-surprise
https://en.chessbase.com/post/al-ain-classic-in-december-2015
https://en.chessbase.com/post/eight-interesting-match-ups-from-round-two
https://en.chessbase.com/post/final-impressions-from-the-abu-dhabi-masters
https://en.chessbase.com/post/world-cup-starts-today
https://en.chessbase.com/post/predictions-for-round-three
https://en.chessbase.com/post/baku-3-1-couple-of-miracles-many-draws
https://en.chessbase.com/post/antipov-and-buksa-are-world-junior-champions
https://en.chessbase.com/post/baku-3-2-plenty-of-results
https://en.chessbase.com/post/baku-4-1-eight-battles-four-winners
https://en.chessbase.com/post/baku-3-tb-nail-biters
https://en.chessbase.com/post/bundesliga-the-new-season-begins
https://en.chessbase.com/post/moscow-blitz-bonanza
https://en.chessbase.com/post/baku-2-1-fights-continue
https://en.chessbase.com/post/nepomniachtchi-cries-foul-on-armageddon
https://en.chessbase.com/post/baku-2-tb-only-two-upsets
https://en.chessbase.com/post/hans-olav-lahlum-organiser-novelist-2-2
https://en.chessbase.com/post/baku-2-2-many-tiebreaks
https://en.chessbase.com/post/tiebreak-in-baku-daniel-king-analyses
https://en.chessbase.com/post/london-chess-classic-tickets-are-available
https://en.chessbase.com/post/welcome-to-qatar-masters-open-2015
https://en.chessbase.com/post/baku-rd4-tb-pure-adrenaline
https://en.chessbase.com/post/baku-5-2-eljanov-giri-advance
https://en.chessbase.com/post/komodo-9-odds-matches-against-gms
https://en.chessbase.com/post/baku-5-tb-russians-advance
https://en.chessbase.com/post/world-cup-4-2-giants-sent-home
https://en.chessbase.com/post/baku-5-1-eljanov
https://en.chessbase.com/post/baku-semis-g1-experience-over-youth
https://en.chessbase.com/post/baku-semis-g2-svidler-in
https://en.chessbase.com/post/alina-l-ami-in-mexico
https://en.chessbase.com/post/baku-finals-g2-massive-blunders
https://en.chessbase.com/post/baku-final-g3-svidler-blunders-karjakin-wins
https://en.chessbase.com/post/karjakin-vs-eljanov-daniel-king-analyses
https://en.chessbase.com/post/baku-6-tb-all-russian-final
https://en.chessbase.com/post/baku-finals-g1-svidler-flawless
https://en.chessbase.com/post/alina-l-ami-in-mexico-2-2
https://en.chessbase.com/post/baku-finals-g4-karjakin-forces-tb
https://en.chessbase.com/post/world-cup-tactics
https://en.chessbase.com/post/baku-final-svidler-versus-karjakin
https://en.chessbase.com/post/carlsen-will-defend-titles-in-berlin
https://en.chessbase.com/post/karjakin-vs-svidler-g4-daniel-king-analyses
https://en.chessbase.com/post/baku-finals-tb-karjakin-wins
https://en.chessbase.com/post/millionaire-open-begins-in-las-vegas
https://en.chessbase.com/post/isle-of-man-nigel-short-wins-brilliancy
https://en.chessbase.com/post/chess-stars-on-the-isle-of-man
https://en.chessbase.com/post/baku-final-tiebreaks-watch-it-live-on-playchess
https://en.chessbase.com/post/turkey-chess-across-the-streets
https://en.chessbase.com/post/blitz-and-rapid-wcc-list-of-participants
https://en.chessbase.com/post/magnus-at-the-qatar-masters-open-2015
https://en.chessbase.com/post/tiebreak-karjakin-vs-svidler-daniel-king-analyses
https://en.chessbase.com/post/new-in-chess-reviews-kasimdzhanov-and-ramirez
https://en.chessbase.com/post/showdown-in-st-louis
https://en.chessbase.com/post/2015-world-rapid-day-2-carlsen-rises-to-the-top
https://en.chessbase.com/post/king-s-pawn-movie-celebrates-national-chess-day
https://en.chessbase.com/post/chess-in-style-on-the-italian-riviera
https://en.chessbase.com/post/only-two-months-away-7th-london-chess-classic
https://en.chessbase.com/post/2015-world-rapid-day-1-karjakin-early-leader
https://en.chessbase.com/post/pentala-harikrishna-succeeds-on-isle-of-man
https://en.chessbase.com/post/mariya-muzychuk-leads-in-the-monaco-gp
https://en.chessbase.com/post/millionaire-chess-2-nakamura-is-supreme
https://en.chessbase.com/post/world-rapid-2015-magnus-carlsen-retains-his-title
https://en.chessbase.com/post/millionaire-chess-2-fighting-for-a-million
https://en.chessbase.com/post/world-blitz-2015-grischuk-wins-third-title
https://en.chessbase.com/post/hou-yifan-leads-monaco-womens-grand-prix
https://en.chessbase.com/post/hoogeveen-celebrates-chess
https://en.chessbase.com/post/first-asian-university-championship-in-beijing
https://en.chessbase.com/post/isle-of-man-winner-harikrishna-in-interview
https://en.chessbase.com/post/megaranto-ni-shiqun-dominate-asian-university-ch
https://en.chessbase.com/post/blitz-championship-in-berlin-errors-and-emotions
https://en.chessbase.com/post/ecc-2015-r5-siberia-and-nona-lead
https://en.chessbase.com/post/hou-yifan-wins-monaco-by-two-points
https://en.chessbase.com/post/hoogeveen-timman-strikes-first
https://en.chessbase.com/post/high-quality-chess-in-skopje
https://en.chessbase.com/post/the-global-chess-festival-2015
https://en.chessbase.com/post/chess-and-art-in-hoogeveen
https://en.chessbase.com/post/massive-wycc-starts-in-porto-carras-in-greece
https://en.chessbase.com/post/wycc-2015-the-early-leaders-and-surprises
https://en.chessbase.com/post/4th-anatoly-karpov-trophy-starts
https://en.chessbase.com/post/robert-ris-fighting-the-ruy-lopez-exchange
https://en.chessbase.com/post/strong-chess-in-bilbao
https://en.chessbase.com/post/bilbao-chess-drama-on-the-theatre-stage
https://en.chessbase.com/post/skopje-siberia-and-nona-ecc-2015-champions
https://en.chessbase.com/post/sharing-games-via-email-skype-or-whatsapp
https://en.chessbase.com/post/the-global-chess-festival-2015-2-2
https://en.chessbase.com/post/experience-wins-out-at-hoogeveen
https://en.chessbase.com/post/alexey-smirnov-wins-world-disabled-2015
https://en.chessbase.com/post/kirill-alekseenko-wins-chigorin-memorial
https://en.chessbase.com/post/cap-d-agde-karpov-and-fressinet-in-final
https://en.chessbase.com/post/karpov-and-fressinet-win-cap-d-agde-qualifier
https://en.chessbase.com/post/strong-lineup-for-al-ain-classic-in-december
https://en.chessbase.com/post/bilbao-so-wins-after-tie-break
https://en.chessbase.com/post/wycc-2015-rd6-7-steaming-ahead
https://en.chessbase.com/post/zurich-challenge-with-new-time-controls
https://en.chessbase.com/post/cap-d-agde-laurent-fressinet-victorious
https://en.chessbase.com/post/international-tournament-in-barcelona
https://en.chessbase.com/post/abhijeet-gupta-on-hoogeveen-2015
https://en.chessbase.com/post/wycc-2015-rd8-9-rise-and-fall-of-the-leaders
https://en.chessbase.com/post/bruzon-wins-ibero-american-championship
https://en.chessbase.com/post/alexander-morozevich-wins-barcelona
https://en.chessbase.com/post/showdown-in-stl-world-class-basque-chess
https://en.chessbase.com/post/wycc-2015-final-india-india-india
https://en.chessbase.com/post/international-chess-festival-aeroflot-open-2016
https://en.chessbase.com/post/nakamura-vs-caruana-match-starts-today
https://en.chessbase.com/post/etcc-r01-top-seeds-have-it-easy
https://en.chessbase.com/post/chess-pro-biz-cup-2015-in-london
https://en.chessbase.com/post/etcc-r07-daniel-king-analyses-grischuk-fressinet
http://en.chessbase.com/post/european-team-championship-r3-4-russia
https://en.chessbase.com/post/pavel-eljanov-the-ruy-lopez-breyer-variation
https://en.chessbase.com/post/showdown-in-stl-big-rapid-results
https://en.chessbase.com/post/vishy-anand-in-pursuit-of-excellence-1
https://en.chessbase.com/post/european-team-championship-r3-4-russia
https://en.chessbase.com/post/etcc-r07-russians-forge-further-ahead
https://en.chessbase.com/post/acp-masters-rapid-to-be-held-in-ashdod-israel
https://en.chessbase.com/post/etcc-r05-magnus-goes-down-to-2832
https://en.chessbase.com/post/etcc-r06-things-heating-up-in-reykjavik
https://en.chessbase.com/post/eric-hansen-leads-in-wijk-aan-zee
https://en.chessbase.com/post/etcc-r02-france-beats-armenia
https://en.chessbase.com/post/showdown-in-stl-fabi-yifan-winners
https://en.chessbase.com/post/kcf-gala-30-year-celebration
https://en.chessbase.com/post/etcc-r09-carlsen-vs-wojtaszek
https://en.chessbase.com/post/etcc-r09-russia-triumphs-with-double-gold
https://en.chessbase.com/post/etcc-r08-highlights
https://en.chessbase.com/post/top-knockout-at-the-london-chess-classic
https://en.chessbase.com/post/kings-and-queens-in-china-2
https://en.chessbase.com/post/etcc-r08-hungry-hungarians
https://en.chessbase.com/post/four-new-senior-world-champions
https://en.chessbase.com/post/pert-and-howell-in-british-knockout-finals
https://en.chessbase.com/post/awonder-liang-is-youngest-ever-im-in-us
https://en.chessbase.com/post/the-chess-classic-has-started-in-london
https://en.chessbase.com/post/london-calling
https://en.chessbase.com/post/december-2015-ratings-carlsen-slumps-muzychuk-rises
https://en.chessbase.com/post/wei-yi-wins-brilliancy
https://en.chessbase.com/post/mighty-indians-at-the-world-youth-2015
https://en.chessbase.com/post/shipwrecked-in-the-benoni
https://en.chessbase.com/post/fire-on-board
https://en.chessbase.com/post/1st-fide-world-online-women-blitz-ch
https://en.chessbase.com/post/7th-london-chess-classic-begins-tomorrow
https://en.chessbase.com/post/lcc-r03-the-solid-berlin-and-the-volatile-najdorf
https://en.chessbase.com/post/london-rd5-anand-beats-topalov-in-virtuoso-endgame
https://en.chessbase.com/post/lcc-r4-and-r5-video-analysis-by-daniel-king
https://en.chessbase.com/post/london-r02-all-games-drawn
https://en.chessbase.com/post/lcc-r04-nakamura-is-world-no-2
https://en.chessbase.com/post/secret-championship-in-ukraine
https://en.chessbase.com/post/chess-enthusiasm-in-northern-norway
https://en.chessbase.com/post/london-r01-giri-beats-topalov-with-black
https://en.chessbase.com/post/2015-ukraine-ch-kuzubov-takes-early-lead
https://en.chessbase.com/post/mixed-field-at-the-german-championship
https://en.chessbase.com/post/adventures-in-portugal
https://en.chessbase.com/post/acp-masters-starts-in-ashdod-israel
https://en.chessbase.com/post/london-rd8-giri-joins-mvl-in-the-lead
https://en.chessbase.com/post/lcc-r6-video-analysis-by-daniel-king
https://en.chessbase.com/post/lcc-r08-giri-wins-exciting-finish-expected
https://en.chessbase.com/post/a-magnuficent-sunday-at-the-lcc-2015-1
https://en.chessbase.com/post/chess-books-on-computers-and-tablets
https://en.chessbase.com/post/ivanchuk-wins-acp-masters-in-ashdod
https://en.chessbase.com/post/london-rd7-three-decisive-games
https://en.chessbase.com/post/london-rd6-grischuk-grinds-down-anand
https://en.chessbase.com/post/25th-world-senior-chess-championship
https://en.chessbase.com/post/a-magnuficent-sunday-at-the-lcc-2015-2
https://en.chessbase.com/post/london-rd9-three-way-playoff-carlsen-is-champion
https://en.chessbase.com/post/hou-yifan-dismantles-evgeny-najer-in-shanghai
https://en.chessbase.com/post/qatar-masters-starts-on-sunday
https://en.chessbase.com/post/giant-slalom-2
https://en.chessbase.com/post/qatar-masters-r2-video-analysis-by-daniel-king
https://en.chessbase.com/post/2015-ukrainian-ch-comebacks-and-cinderella
# September 2015
# https://en.chessbase.com/200