https://en.chessbase.com/post/american-continental-championship-live
https://en.chessbase.com/post/norway-chess-2018-round-9
https://en.chessbase.com/post/american-continental-2018-round-8
https://en.chessbase.com/post/norway-chess-round-up-shows
https://en.chessbase.com/post/altibox-norway-chess-2018-live
https://en.chessbase.com/post/norway-chess-2018-round-8
https://en.chessbase.com/post/europe-s-best-kept-secret-is-back
https://en.chessbase.com/post/karpov-poikovsky-2018-round-8-9-jakovenko-takes-the-title
https://en.chessbase.com/post/norway-chess-2018-round-7
https://en.chessbase.com/post/bischwiller-dominate-french-team-championship
https://en.chessbase.com/post/karpov-poikovsky-live
https://en.chessbase.com/post/karpov-poikovsky-r6-7-jakovenko-is-the-sole-leader
https://en.chessbase.com/post/norway-chess-2018-round-6
https://en.chessbase.com/post/yermo-s-travels-land-of-sky
https://en.chessbase.com/post/norway-chess-2018-round-5
https://en.chessbase.com/post/wonderful-the-alsterufer-match-in-hamburg
https://en.chessbase.com/post/norway-chess-2018-round-4
https://en.chessbase.com/post/karpov-poikovsky-r2-5-nepo-jakovenko-and-fedoseev-lead
https://en.chessbase.com/post/kathmandu-world-of-dreams
https://en.chessbase.com/post/norway-chess-2018-round-3-carlsen-dominant
https://en.chessbase.com/post/a-journey-to-kathmandu
https://en.chessbase.com/post/norway-chess-2018-round-2
https://en.chessbase.com/post/bischwiller-leads-in-french-team-championship
https://en.chessbase.com/post/norway-chess-carlsen-round-1
https://en.chessbase.com/post/karpov-poikovsky-tournament-no-draws-in-round-one
https://en.chessbase.com/post/altibox-norway-chess-2018-so-wins-blitz-tournament
https://en.chessbase.com/post/chinese-league-2018-ding
https://en.chessbase.com/post/durarbayli-summer-chess-classic-in-saint-loius-2018
https://en.chessbase.com/post/osg-baden-baden-german-bundesliga-champion-2018
https://en.chessbase.com/post/german-league-playoff-2018
https://en.chessbase.com/post/kolkata-gm-open
https://en.chessbase.com/post/summer-chess-classic-in-saint-loius-2018
https://en.chessbase.com/post/chess-on-the-high-seas-2
https://en.chessbase.com/post/duda-new-polish-champion
https://en.chessbase.com/post/twenty-grandmasters-highlight-charity-chess-event-4
https://en.chessbase.com/post/shankland-crushes-capablanca-memorial
https://en.chessbase.com/post/ju-wenjun-is-2018-world-champion
https://en.chessbase.com/post/chess-on-the-high-seas-1
https://en.chessbase.com/post/womens-world-championship-2018-tan-ju-live-games
https://en.chessbase.com/post/shankland-extends-lead-at-the-capablanca-memorial
https://en.chessbase.com/post/women-world-championship-2018-game-9
https://en.chessbase.com/post/piorun-in-polish-hungarian-friendship
https://en.chessbase.com/post/piorun-leads-polish-championship
https://en.chessbase.com/post/dreev-and-shankland-lead-at-capablanca-memorial
https://en.chessbase.com/post/womens-world-championship-quick-draw-in-game-7
https://en.chessbase.com/post/womens-world-championship-tan-zhongyi-wins-game-six
https://en.chessbase.com/post/st-petersburg-wins-russian-team-championship
https://en.chessbase.com/post/nigel-short-runs-for-fide-president
https://en.chessbase.com/post/videt-grandelius-co-champions-at-tepe-sigeman-co
https://en.chessbase.com/post/an-exceptional-line-up-in-biel
https://en.chessbase.com/post/stanley-druckenmiller-wins-alexander-hamilton-award
https://en.chessbase.com/post/womens-world-championship-tan-zhongyi-strikes-back-in-game-four
https://en.chessbase.com/post/stanley-druckenmiller-wins-alexander-hamilton-award
https://en.chessbase.com/post/tepe-sigeman-co-live
https://en.chessbase.com/post/womens-world-championship-tan-zhongyi-strikes-back-in-game-four
https://en.chessbase.com/post/womens-world-championship-ju-wenjun-surges-ahead
https://en.chessbase.com/post/1st-ron-finegold-memorial
https://en.chessbase.com/post/russian-team-championship-2018
https://en.chessbase.com/post/tepe-sigeman-co-returns-for-24th-year
https://en.chessbase.com/post/women-world-championship-games-1-2
https://en.chessbase.com/post/bundesliga-2017-18-round-13-baden-baden-solingen
https://en.chessbase.com/post/womens-world-championship-2018-tan-ju
https://en.chessbase.com/post/jersey-international-2018
https://en.chessbase.com/post/paikidze-is-u-s-women-s-champion
https://en.chessbase.com/post/sam-shankland-is-the-2018-us-champion
https://en.chessbase.com/post/the-bundesliga-world-champions-and-veterans
https://en.chessbase.com/post/gashimov-memorial-magnus-carlsen-is-third-time-winner
https://en.chessbase.com/post/the-bundesliga-world-champions-and-veterans
https://en.chessbase.com/post/us-championship-2018-round-10
https://en.chessbase.com/post/vugar-gashimov-memorial-2018-magnus-carlsen
https://en.chessbase.com/post/us-championship-shankland-and-wang-sprinting-to-gold
https://en.chessbase.com/post/shamkir-2018-round-8
https://en.chessbase.com/post/us-championship-2018-round-8
https://en.chessbase.com/post/shamkir-2018-round-7-carlsen-beat-topalov
https://en.chessbase.com/post/us-championship-2018-round-7
https://en.chessbase.com/post/gashimov-memorial-shamkir-2018-round-6
https://en.chessbase.com/post/with-peter-everything-is-great-fun-an-interview-with-vincent-keymer
https://en.chessbase.com/post/us-championship-2018-sam-shankland-in-the-lead
https://en.chessbase.com/post/shamkir-2018-round-5
https://en.chessbase.com/post/gm-norm-tournament-crete
https://en.chessbase.com/post/shamkir-2018-round-4
https://en.chessbase.com/post/us-championship-the-one-that-got-away
https://en.chessbase.com/post/gashimov-memorial-shamkir-2018-round-3
https://en.chessbase.com/post/us-championship-caruana-suffers-shock-loss
https://en.chessbase.com/post/us-championship-the-leaderboard-takes-shape
https://en.chessbase.com/post/shamkir-2-five-more-draws-in-round-2
https://en.chessbase.com/post/us-championship-2018-round-2
https://en.chessbase.com/post/valentina-gunina-european-champion-2018
https://en.chessbase.com/post/gashimov-memorial-shamkir-2018-round-1
https://en.chessbase.com/post/us-college-chess-utrgv-ends-webster-s-reign
https://en.chessbase.com/post/us-championship-2018-round-1
https://en.chessbase.com/post/european-women-championship-2018-live
https://en.chessbase.com/post/ewicc-2018-paehtz-takes-her-shot
https://en.chessbase.com/post/power-play-show-anands-attack-with-caruana
https://en.chessbase.com/post/us-championship-2018-begins
https://en.chessbase.com/post/who-was-rudolf-charousek
https://en.chessbase.com/post/hou-yifan-in-der-spiegel
https://en.chessbase.com/post/johan-van-hulst-1911-2018
https://en.chessbase.com/post/endgame-magic-with-nick-pert-2
https://en.chessbase.com/post/sharjah-masters-2018
https://en.chessbase.com/post/ewicc-2018-gunina-beats-muzychuk
https://en.chessbase.com/post/karpos-open-2018
https://en.chessbase.com/post/diego-flores-first-dubai-2018
https://en.chessbase.com/post/ewicc-2018-dzagnidze-cornette-lead
https://en.chessbase.com/post/grenke-chess-classic-2018-round-9
https://en.chessbase.com/post/china-vs-the-world-2
https://en.chessbase.com/post/grenke-chess-classic-live
https://en.chessbase.com/post/grenke-chess-classic-2018-round-8
https://en.chessbase.com/post/china-vs-the-world
https://en.chessbase.com/post/grenke-chess-classic-2018-round-7
https://en.chessbase.com/post/grenke-chess-classic-2018-round-6
https://en.chessbase.com/post/grenke-chess-classic-2018-round-5
https://en.chessbase.com/post/mediterranean-flower
https://en.chessbase.com/post/grenke-chess-classic-2018-round-4
https://en.chessbase.com/post/r-praggnanandhaa-records
https://en.chessbase.com/post/13-year-old-steals-spotlight-from-carlsen
https://en.chessbase.com/post/grenke-black-strikes-back
https://en.chessbase.com/post/grenke-the-power-of-white
https://en.chessbase.com/post/grenke-an-exciting-start-as-carlsen-and-caruana-face-off
https://en.chessbase.com/post/ivan-saric-is-2018-european-champion
https://en.chessbase.com/post/caruana-s-first-reaction
https://en.chessbase.com/post/european-championship-batumi-2018
https://en.chessbase.com/post/candidates-2018-berlin-round-14
https://en.chessbase.com/post/candidates-2018-berlin-round-13
https://en.chessbase.com/post/candidates-tiebreak-favours-mamedyarov
https://en.chessbase.com/post/a-reykjavik-retrospective
https://en.chessbase.com/post/the-candidate-tournaments-2013-2014-and-2016
https://en.chessbase.com/post/candidates-drama-drama-karjakin-takes-the-lead
https://en.chessbase.com/post/candidates-2018-berlin-round-11
https://en.chessbase.com/post/ken-rogoff-birthday
https://en.chessbase.com/post/europameisterschaft-favoriten-lassen-federn
https://en.chessbase.com/post/candidates-2018-berlin-round-10
https://en.chessbase.com/post/candidates-2018-berlin-round-9
https://en.chessbase.com/post/candidates-2018-berlin-round-8
https://en.chessbase.com/post/candidates-2018-caruana-beats-aronian-to-take-lead
https://en.chessbase.com/post/candidates-2018-round-5-6
https://en.chessbase.com/post/adhiban-wins-reykjavik-open
https://en.chessbase.com/post/candidates-2018-berlin-caruana-aronian-score
https://en.chessbase.com/post/reykjavik-open-richard-rapport-in-the-lead
https://en.chessbase.com/post/interview-with-matthias-wuellenweber-2018
https://en.chessbase.com/post/candidates-round-3-kramnik-wins-brilliancy
https://en.chessbase.com/post/german-league-rounds-11-12-solingen-stumbles
https://en.chessbase.com/post/candidates-tournament-round-2
https://en.chessbase.com/post/candidates-round-1
https://en.chessbase.com/post/candidates-opening-and-round-1-live
https://en.chessbase.com/post/blonds-versus-brunettes-2018
https://en.chessbase.com/post/gamma-reykjavik-open-2018-rounds-1-2-3
https://en.chessbase.com/post/fier-wins-10th-batavia-tournament
https://en.chessbase.com/post/reykjavik-open-2018-begins
https://en.chessbase.com/post/endgame-magic-6
https://en.chessbase.com/post/unstoppable-sergey-karjakin-too-hot-to-handle-at-the-tal-memorial-blitz
https://en.chessbase.com/post/tal-memorial-2018-moscow-live
https://en.chessbase.com/post/the-secret-of-vishy-anand-winning-the-tal-memorial-rapid-2018
https://en.chessbase.com/post/tal-memorial-2018-anand-joins-mamedyarov-at-the-top
https://en.chessbase.com/post/interview-with-adhiban-baskaran
https://en.chessbase.com/post/9-games-out-of-15-end-decisively-on-day-one-of-tal-memorial-2018
https://en.chessbase.com/post/four-candidates-feature-at-the-tal-memorial-2018-that-begins-today
https://en.chessbase.com/post/aeroflot-open-r9-kovalev-wins-the-title
https://en.chessbase.com/post/aeroflot-open-r8-kovalev-close-to-title
https://en.chessbase.com/post/aeroflot-r7-amin-tabatabaei-joins-kovalev-in-the-lead
https://en.chessbase.com/post/bunratty
https://en.chessbase.com/post/german-league-erwin-lami-beats-baden-baden
https://en.chessbase.com/post/aeroflot-open-r6-kovalev-turns-the-tables
https://en.chessbase.com/post/hd-bank-open-vietnam-2018
https://en.chessbase.com/post/aeroflot-open-round-5