https://en.chessbase.com/post/saint-louis-rapid-blitz-begins
https://en.chessbase.com/post/saint-louis-rapid-and-blitz-day-4-2018
https://en.chessbase.com/post/abu-dhabi-masters-2018-live
https://en.chessbase.com/post/summer-chess-camp-maribor-2018
https://en.chessbase.com/post/saint-louis-rapid-blitz-day-3
https://en.chessbase.com/post/ivory-coast-rapid-blitz-invitational-abidjan-2
https://en.chessbase.com/post/german-champion-2018-rainer-buhmann
https://en.chessbase.com/post/saint-louis-rapid-and-blitz-day-2-2018
https://en.chessbase.com/post/saint-louis-rapid-and-blitz-day-1-2018
https://en.chessbase.com/post/abu-dhabi-masters
https://en.chessbase.com/post/nine-year-old-talent-gets-to-stay-in-the-uk
https://en.chessbase.com/post/ivory-coast-rapid-blitz-invitational-abidjan-2018
https://en.chessbase.com/post/pan-american-youth-chile-2018
https://en.chessbase.com/post/shirov-gewinnt-cellavision-cup-2
https://en.chessbase.com/post/hunting-for-kings-by-wim-alexey-root
https://en.chessbase.com/post/adams-takes-his-sixth-british-title
https://en.chessbase.com/post/movsesian-wins-pardubice-open-2018
https://en.chessbase.com/post/british-championship-2018-live
https://en.chessbase.com/post/wine-open-2018
https://en.chessbase.com/post/banikas-wins-paleochora-open-2018
https://en.chessbase.com/post/tausendsassa-nick-murphy
https://en.chessbase.com/post/danzhou-masters-yu-yangyi-comes-out-on-top
https://en.chessbase.com/post/hammer-gewinnt-xtracon-open-gm-norm-fuer-keymer
https://en.chessbase.com/post/danzhou-masters-storm-after-the-calm
https://en.chessbase.com/post/danzhou-masters-all-games-finish-peacefully
https://en.chessbase.com/post/biel-2018-round-10
https://en.chessbase.com/post/fide-ratings-2018-08
https://en.chessbase.com/post/world-championship-2018-venue
https://en.chessbase.com/post/india-to-host-twin-grandmaster-opens-this-october
https://en.chessbase.com/post/biel-2018-live
https://en.chessbase.com/post/biel-2018-round-9
https://en.chessbase.com/post/endgame-magic-7
https://en.chessbase.com/post/biel-2018-round-8
https://en.chessbase.com/post/danzhou-masters-the-misfortunate-b5
https://en.chessbase.com/post/kandy-chess-fest-an-event-in-sri-lanka-s-historical-former-capital
https://en.chessbase.com/post/biel-2018-round-7
https://en.chessbase.com/post/danzhou-masters-bu-races-past-duda
https://en.chessbase.com/post/danzhou-masters-bu-catches-duda
https://en.chessbase.com/post/cote-d-ivoire-2018-amin-wins-rapid
https://en.chessbase.com/post/biel-2018-round-6
https://en.chessbase.com/post/biel-2018-round-6
https://en.chessbase.com/post/danzhou-masters-duda-the-dauntless
https://en.chessbase.com/post/fide-election-interview-with-arkady-dvorkovich
https://en.chessbase.com/post/biel-2018-round-5
https://en.chessbase.com/post/biel-2018-round-4
https://en.chessbase.com/post/cote-d-ivoire-rapid-and-blitz-day-1
https://en.chessbase.com/post/ding-liren-and-hou-yifan-in-exhibition-matches
https://en.chessbase.com/post/biel-2018-round-3
https://en.chessbase.com/post/biel-2018-carlsen-with-early-lead
https://en.chessbase.com/post/us-juniors-2018-final
https://en.chessbase.com/post/dortmund-2018-round-7
https://en.chessbase.com/post/singapore-gm-invitational
https://en.chessbase.com/post/dortmund-round-3-live
https://en.chessbase.com/post/dortmund-2018-round-6
https://en.chessbase.com/post/1st-gm-norm-event-in-singapore-for-2-decades
https://en.chessbase.com/post/dortmund-2018-round-5
https://en.chessbase.com/post/dortmund-2018-round-4
https://en.chessbase.com/post/interview-anatoly-karpov-2018
https://en.chessbase.com/post/senior-team-champions-2018-usa-russia
https://en.chessbase.com/post/dortmund-2018-round-3
https://en.chessbase.com/post/u-s-junior-championship-round-5
https://en.chessbase.com/post/dortmund-2018-round-2
https://en.chessbase.com/post/sparkassen-chess-meeting-dortmund-round-1
https://en.chessbase.com/post/dortmund-sparkassen-chess-meeting-2018
https://en.chessbase.com/post/24th-icga-computer-chess-world-championship
https://en.chessbase.com/post/world-open-2018
https://en.chessbase.com/post/yermo-s-travels-world-team-2018-day-six
https://en.chessbase.com/post/porto-mannu-2018
https://en.chessbase.com/post/hong-kong-scholastic-championship-2018
https://en.chessbase.com/post/hersonissos-open-2018
https://en.chessbase.com/post/jerusalem-nepomniachtchi-wins-gideon-japhet-cup
https://en.chessbase.com/post/swedish-championship-2018-round-9
https://en.chessbase.com/post/wesley-so-wins-leon-masters-2018
https://en.chessbase.com/post/yermo-s-travels-world-team-championship-50
https://en.chessbase.com/post/dutch-championship-2018-tiviakov-wins
https://en.chessbase.com/post/vallejo-defeats-santos-leon-2018
https://en.chessbase.com/post/so-praggnanandhaa-leon-2018
https://en.chessbase.com/post/dutch-championship-2018-tiviakov-leads
https://en.chessbase.com/post/swedish-championship-2018-football-fever
https://en.chessbase.com/post/alexey-sarana-wins-russian-higher-league-2018
https://en.chessbase.com/post/reversals-of-fortune-in-jerusalem
https://en.chessbase.com/post/karthikeyan-sachdev-commonwealth-2018
https://en.chessbase.com/post/morocco-revisited
https://en.chessbase.com/post/swedish-championship-2018-ronneby
https://en.chessbase.com/post/russian-higher-league-2018-live
https://en.chessbase.com/post/anatoly-karpov-wins-legends-tournanament
https://en.chessbase.com/post/russian-higher-league-rd-5-2018
https://en.chessbase.com/post/commonwealth-2018-a-wealth-of-chess-improvement
https://en.chessbase.com/post/jerusalem-hosts-the-4th-japhet-tournament
https://en.chessbase.com/post/play-chess-in-the-land-of-the-gazelle-abu-dhabi
https://en.chessbase.com/post/platja-daro-legends-2018
https://en.chessbase.com/post/grand-chess-tour-2018-paris-blitz-2
https://en.chessbase.com/post/grand-chess-tour-2018-paris-blitz-1
https://en.chessbase.com/post/praggnanandhaa-a-game-away-from-becoming-a-grandmaster
https://en.chessbase.com/post/japfa-indonesia-2018
https://en.chessbase.com/post/grand-chess-tour-2018-paris-rapid-3
https://en.chessbase.com/post/grand-chess-tour-2018-paris-rapid-2
https://en.chessbase.com/post/grand-chess-tour-2018-paris-rapid-1
https://en.chessbase.com/post/kcf-young-stars-camp