https://en.chessbase.com/post/grand-chess-tour-2016-with-two-new-events
https://en.chessbase.com/post/huffington-the-dance-of-chess-kings
https://en.chessbase.com/post/talents-shine-in-moscow-open
https://en.chessbase.com/post/zurich-new-classic-with-morozevich-and-gelfand
https://en.chessbase.com/post/bundesliga-favorites-lead
https://en.chessbase.com/post/chess-in-a-former-silk-road-oasis
https://en.chessbase.com/post/hesse-threats-of-the-nth-degree
https://en.chessbase.com/post/gibraltar-hikaru-nakamura-wins-after-tie-break
https://en.chessbase.com/post/looking-back-qatar-masters-2015-a-class-of-its-own
https://en.chessbase.com/post/chess-down-under-the-australian-women-s-masters
https://en.chessbase.com/post/gibraltar-09-eight-players-share-lead
https://en.chessbase.com/post/magnus-carlsen-plays-simul-in-dutch-parliament
https://en.chessbase.com/post/gibraltar-08-four-players-share-the-lead
https://en.chessbase.com/post/tata-steel-rd13-magnus-carlsen-wins-fifth-title
https://en.chessbase.com/post/gibraltar-07-anand-loses-anton-leads
https://en.chessbase.com/post/gibraltar-06-ten-players-lead-with-5-0-6
https://en.chessbase.com/post/tata-steel-r12-analyzing-caruana-vs-van-wely
https://en.chessbase.com/post/february-2016-ratings-rodshtein-hammer-make-2700
https://en.chessbase.com/post/gibraltar-05-nakamura-shines-anand-falters
https://en.chessbase.com/post/tata-steel-rd12-the-race-to-the-finish
https://en.chessbase.com/post/tata-steel-r11-gm-king-looks-at-highlights
https://en.chessbase.com/post/gibraltar-04-ragger-and-bacrot-take-the-lead
https://en.chessbase.com/post/tata-steel-rd11-carlsen-beats-hou-ding-in-third
https://en.chessbase.com/post/gibraltar-03-battle-of-the-sexes
https://en.chessbase.com/post/chessbase-india-a-mountain-of-content
https://en.chessbase.com/post/12-year-old-alireza-firouzja-is-iranian-champion
https://en.chessbase.com/post/tata-steel-r10-game-of-the-day
https://en.chessbase.com/post/gibraltar-02-smooth-wins-and-a-few-upsets
https://en.chessbase.com/post/tata-steel-rd10-caruana-closes-in-on-carlsen
https://en.chessbase.com/post/tata-steel-r09-wei-yi-vs-david-navara
https://en.chessbase.com/post/gibraltar-anand-starts-with-a-draw
https://en.chessbase.com/post/iranian-championship-youngster-beats-gm-for-lead
https://en.chessbase.com/post/tata-steel-rd9-carlsen-takes-full-point-lead
https://en.chessbase.com/post/gibraltar-starts-with-a-simul
https://en.chessbase.com/post/tour-de-france-clashes-with-biel
https://en.chessbase.com/post/tata-steel-r08-navara-vs-caruana
https://en.chessbase.com/post/tata-steel-rd8-carlsen-leads-after-caruana-falters
https://en.chessbase.com/post/2016-iranian-championship-two-kids-and-the-no-1
https://en.chessbase.com/post/tata-steel-rd7-a-day-of-big-wins
https://en.chessbase.com/post/tata-steel-rd6-carlsen-leads-with-caruana-and-ding
https://en.chessbase.com/post/tata-steel-masters-rd5-carlsen-scores-gutsy-win
https://en.chessbase.com/post/tata-steel-challengers-rd5-adhiban-and-dreev-lead
https://en.chessbase.com/post/82nd-brazilian-ch-mekhitarian-gold-barbosa-silver
https://en.chessbase.com/post/tata-steel-rd4-it-ain-t-over-til-it-s-over
https://en.chessbase.com/post/tata-steel-r03-navara-vs-giri
https://en.chessbase.com/post/tata-steel-rd3-caruana-takes-lead
https://en.chessbase.com/post/tata-steel-r02-carlsen-vs-caruana
https://en.chessbase.com/post/tata-steel-rd2-all-games-drawn
https://en.chessbase.com/post/sesquicentennial-australian-women-s-masters
https://en.chessbase.com/post/tata-steel-rd-1-three-wins-four-draws
https://en.chessbase.com/post/78th-tata-steel-challengers-group
https://en.chessbase.com/post/gawain-jones-is-new-new-zealand-champion
https://en.chessbase.com/post/78th-tata-steel-tournament-begins-on-friday
https://en.chessbase.com/post/82nd-brazilian-ch-mekhitarian-leads-bloodbath
https://en.chessbase.com/post/norwegian-rapid-and-blitz-championships
https://en.chessbase.com/post/ivan-bukavshin-dies-at-the-age-of-20
https://en.chessbase.com/post/82nd-brazilian-championship-starts-seeking-history
https://en.chessbase.com/post/basel-naiditsch-wins-again
https://en.chessbase.com/post/kovalenko-wins-the-keres-memorial-acp-open
https://en.chessbase.com/post/keres-memorial-acp-open-david-howell-leads
https://en.chessbase.com/post/25th-world-senior-championship-2-2
https://en.chessbase.com/post/surprise-winners-in-hastings
https://en.chessbase.com/post/rodshtein-wins-rilton-cup
https://en.chessbase.com/post/naiditsch-wins-chrismas-open-in-zurich
https://en.chessbase.com/post/2015-al-ain-classic-wang-hao-wins-in-style
http://en.chessbase.com/post/najer-wins-aeroflot-open-gelfand-is-silver
https://en.chessbase.com/post/2015-nutcracker-kings-do-not-lose-their-majesty
https://en.chessbase.com/post/2015-al-ain-classic-rd6-7-wang-hao-is-unstoppable
https://en.chessbase.com/post/qatar-2015-rd9-carlsen-takes-title-in-thrilling-final-round
https://en.chessbase.com/post/qatar-masters-r08-mamedyarov-vs-carlsen
https://en.chessbase.com/post/qatar-masters-rd8-it-s-a-carlsen-vs-kramnik-showdown
https://en.chessbase.com/post/qatar-2015-rd8-carlsen-smashes-mamedyarov
https://en.chessbase.com/post/qatar-2015-round-7-two-rounds-to-go-three-leaders
https://en.chessbase.com/post/qatar-masters-r07-sjugirov-vs-jakovenko
https://en.chessbase.com/post/2015-al-ain-classic-wang-hao-takes-lead-with-5-0-5
https://en.chessbase.com/post/qatar-2015-rd7-mamedyarov-and-sjugirov-join-magnus
https://en.chessbase.com/post/qatar-2015-round-six-race-for-the-title
https://en.chessbase.com/post/qatar-2015-rd6-carlsen-leads-with-thirteen-following
https://en.chessbase.com/post/2015-indian-premier-championship
https://en.chessbase.com/post/qatar-2015-round-5-the-magnus-attack
https://en.chessbase.com/post/2015-al-ain-classic-starts
https://en.chessbase.com/post/qatar-2015-r05-carlsen-leads-eight-follow
https://en.chessbase.com/post/qatar-masters-r4-duda-vs-carlsen
https://en.chessbase.com/post/qatar-2015-rd4-five-stars-and-one-dark-horse
https://en.chessbase.com/post/qatar-r03-chess-and-football-in-doha
https://en.chessbase.com/post/qatar-masters-r3-mamedyarov-vs-lenderman
https://en.chessbase.com/post/qatar-2015-rd3-brilliancies-and-great-escapes
https://en.chessbase.com/post/qatar-2015-round-two-nine-players-on-perfect-score
https://en.chessbase.com/post/carlos-torre-open-excess-in-moderation
https://en.chessbase.com/post/qatar-2015-rd2-a-bit-of-everything
https://en.chessbase.com/post/qatar-2015-round-one-a-day-of-surprises
https://en.chessbase.com/post/summer-in-san-salvador-part-two
https://en.chessbase.com/post/qatar-masters-r1-video-analysis-by-daniel-king
https://en.chessbase.com/post/qatar-2015-rd1-surprises-upsets-what-a-start
https://en.chessbase.com/post/summer-in-san-salvador-part-one
# December 20 2015
# https://en.chessbase.com/156