https://en.chessbase.com/post/north-carolina-open-2018
https://en.chessbase.com/post/isle-of-man-live-2018
https://en.chessbase.com/post/championship-problem-solutions
https://en.chessbase.com/post/garry-kasparov-did-he-actually-exist
https://en.chessbase.com/post/euro-club-cup-2018-round-6
https://en.chessbase.com/post/european-club-cup-live-2
https://en.chessbase.com/post/euro-club-cup-2018-round-7
https://en.chessbase.com/post/fritztrainer-chessbase-chess-apps-on-tv-2018
https://en.chessbase.com/post/javokhir-sindarov-second-youngest-gm-ever
https://en.chessbase.com/post/european-club-cup-2018
https://en.chessbase.com/post/champions-showdown-improving-the-format
https://en.chessbase.com/post/euro-club-cup-2018-round-5
https://en.chessbase.com/post/peon-de-rey-2018-miguel-illescas-alphazero-magnus-carlsen
https://en.chessbase.com/post/euro-club-cup-2018-round-3
https://en.chessbase.com/post/judit-polgars-global-chess-festival-2
https://en.chessbase.com/post/euro-club-cup-2018-round-2
https://en.chessbase.com/post/euro-club-cup-2018-round-4
https://en.chessbase.com/post/euro-club-cup-2018-round-1
https://en.chessbase.com/post/paris-championship-2018
https://en.chessbase.com/post/martyn-kravtsiv-wins-the-1st-gujarat-gm-open
https://en.chessbase.com/post/looking-back-to-batumi-wandering-kings
https://en.chessbase.com/post/closing-ceremony-batumi-olympiad-2018
https://en.chessbase.com/post/magnus-carlsen-s-play-live-challenge
https://en.chessbase.com/post/simon-says-2018-10-08
https://en.chessbase.com/post/play-magnus-live-challenge-simul-2018
https://en.chessbase.com/post/norway-chess-armageddon-gambit
https://en.chessbase.com/post/artemiev-wins-it-all-russian-rapid-and-blitz-2018
https://en.chessbase.com/post/blitz-on-friday-night
https://en.chessbase.com/post/european-club-cup-2018
https://en.chessbase.com/post/antoine-de-saint-exupery-flies-over-chess
https://en.chessbase.com/post/dvorkovich-wins-fide-election
https://en.chessbase.com/post/batumi-olympiad-round-8-usa-beats-azerbaijan-in-a-thriller
https://en.chessbase.com/post/china-conquers-batumi-olympiad-2018-with-double-gold
https://en.chessbase.com/post/chess-olympiad-2018-live
https://en.chessbase.com/post/batumi-olympiad-round-7
https://en.chessbase.com/post/batumi-olympiad-round-9-poland-stuns-usa
https://en.chessbase.com/post/batumi-olympiad-round-10-the-mega-duel-china-vs-usa-will-decide-the-gold
