https://en.chessbase.com/post/aeroflot-round-4
https://en.chessbase.com/post/famous-beer-tournament-jubilees
https://en.chessbase.com/post/aeroflot-open-2018-live
https://en.chessbase.com/post/aeroflot-open-bologan-s-masterpiece
https://en.chessbase.com/post/aeroflot-open-2018-round-1-2
https://en.chessbase.com/post/aeroflot-open-2018-starts-moscow
https://en.chessbase.com/post/play-the-dubai-open-2018
https://en.chessbase.com/post/alexandr-fier-wins-second-brazilian-title
https://en.chessbase.com/post/saint-louis-norm-congress-2018
https://en.chessbase.com/post/indjic-wins-major-open-in-portugal
https://en.chessbase.com/post/tcec-11-premier-division-startet-heute-abend
https://en.chessbase.com/post/simon-says-amusing-chess-problems-3
https://en.chessbase.com/post/acm-cat-and-mouse-with-vassily-ivanchuk
https://en.chessbase.com/post/rapid-match-hou-yifan-karpov
https://en.chessbase.com/post/simon-says-amusing-chess-problems-2
https://en.chessbase.com/post/impressions-from-tata-steel-2018
https://en.chessbase.com/post/bundesliga-2017-2018-round-8
https://en.chessbase.com/post/bundesliga-2017-2018-round-7
https://en.chessbase.com/post/tradewise-gibraltar-2018-aronian-wins-playoff
https://en.chessbase.com/post/tradewise-gibraltar-2018-live
https://en.chessbase.com/post/aronian-gibraltar-round-9
https://en.chessbase.com/post/tradewise-gibraltar-four-way-tie-round-8
https://en.chessbase.com/post/tradewise-gibraltar-round-7-nakamura-howell
https://en.chessbase.com/post/tata-steel-chess-round-13
https://en.chessbase.com/post/tata-steel-chess-live
https://en.chessbase.com/post/tata-steel-chess-challengers
https://en.chessbase.com/post/tata-steel-chess-round-12
https://en.chessbase.com/post/tata-steel-chess-round-11
https://en.chessbase.com/post/tata-steel-chess-round-10
https://en.chessbase.com/post/iv-floripa-open-when-it-rains-it-pours
https://en.chessbase.com/post/tata-steel-chess-round-9
https://en.chessbase.com/post/iv-floripa-open-tales-of-war
https://en.chessbase.com/post/tata-steel-chess-round-8
https://en.chessbase.com/post/4th-floripa-open-a-massive-start
https://en.chessbase.com/post/tata-steel-chess-round-7
https://en.chessbase.com/post/tata-steel-chess-round-6
https://en.chessbase.com/post/naiditsch-wins-delhi-open
https://en.chessbase.com/post/tata-steel-chess-round-5
https://en.chessbase.com/post/tata-steel-chess-round-4
https://en.chessbase.com/post/tata-steel-chess-round-3
https://en.chessbase.com/post/simon-says-amusing-chess-problems
https://en.chessbase.com/post/tata-steel-chess-round-2
https://en.chessbase.com/post/tata-steel-chess-round-1
https://en.chessbase.com/post/grigoryan-came-saw-and-conquered-laos
https://en.chessbase.com/post/delhi-2018-r01-india-s-biggest-event-begins
https://en.chessbase.com/post/wijk-aan-zee-turns-80-some-numbers
https://en.chessbase.com/post/tata-steel-chess-2018-kickoff
https://en.chessbase.com/post/hastings-2017-deep-sengupta
https://en.chessbase.com/post/young-russian-triumphs-rilton-cup-2017
https://en.chessbase.com/post/if-chess-is-physics-a-blindfold-simul-is-rocket-science
https://en.chessbase.com/post/young-stars-in-al-ain-junior-international
https://en.chessbase.com/post/young-stars-program-goes-global
https://en.chessbase.com/post/wei-yi-wins-exhibition-match-david-navara
https://en.chessbase.com/post/awake-in-arica
https://en.chessbase.com/post/benjamin-bok-wins-groningen
https://en.chessbase.com/post/world-rapid-last-day-yermo-s-notes
https://en.chessbase.com/post/magnus-carlsen-and-nana-dzagnidze-are-world-blitz-champions
https://en.chessbase.com/post/webster-wins-pan-am-intercollegiate
https://en.chessbase.com/post/the-pan-american-intercollegiate-team-chess-championships
https://en.chessbase.com/post/world-blitz-day-1-karjakin-and-cramling-grab-lead
https://en.chessbase.com/post/pan-am-team-college-chess
https://en.chessbase.com/post/anand-and-ju-wenjun-are-2017-world-rapid-chess-champions
https://en.chessbase.com/post/world-rapid-day-2-fedoseev-and-ju-wenjun-lead-the-pack
https://en.chessbase.com/post/pan-american-intercollegiate-team-chess-2017
https://en.chessbase.com/post/world-rapid-day-1-fedoseev-jobava-and-ju-wenjun
https://en.chessbase.com/post/sitges-sunway-previa-2017
https://en.chessbase.com/post/mcshane-british-ko-champion-sargissian-london-classic-open
https://en.chessbase.com/post/mind-games-artemiev-grischuk-stefanova-zhao-xue
https://en.chessbase.com/post/yermo-s-travelogue-2nd-sevan-muradian-memorial
https://en.chessbase.com/post/close-finish-in-penang
https://en.chessbase.com/post/european-rapid-blitz-championship-2017-katowice
https://en.chessbase.com/post/moroccan-chess-tales-from-exile
https://en.chessbase.com/post/russian-championship-svidler-makes-it-eight
https://en.chessbase.com/post/russian-championship-live
https://en.chessbase.com/post/london-chess-classic-playoff-tiebreak-2017
https://en.chessbase.com/post/tata-steel-chess-2018
https://en.chessbase.com/post/london-chess-classic-2017-carlsen-wins-grand-chess-tour
https://en.chessbase.com/post/london-chess-classic-round-8
https://en.chessbase.com/post/london-classic-nepomniachtchi-joins-lead
https://en.chessbase.com/post/london-classic-nakamura-misses-win-against-carlsen
https://en.chessbase.com/post/runavik-open-2017
https://en.chessbase.com/post/london-classic-caruana-wins-again
https://en.chessbase.com/post/london-classic-round-4-caruana-breaks-the-deadlock
https://en.chessbase.com/post/london-classic-peace-at-all-costs
https://en.chessbase.com/post/london-classic-a-tepid-start
https://en.chessbase.com/post/london-classic-a-rest-before-the-rest-day
https://en.chessbase.com/post/london-chess-classic-pro-biz-kasparov-beats-carlsen
https://en.chessbase.com/post/kings-tournament-honours-its-founder
https://en.chessbase.com/post/world-championship-2018-to-be-in-london
