https://en.chessbase.com/post/simon-says-2019-21
https://en.chessbase.com/post/moscow-grand-prix-2019-r2-d1
https://en.chessbase.com/post/speelman-agony-98
https://en.chessbase.com/post/bu-xiangzhi-and-lei-tingjie-win-imsa-mind-games-blitz-2019
https://en.chessbase.com/post/the-game-of-the-week-2019-21
https://en.chessbase.com/post/new-simon-williams-the-colle-koltanowski-system-and-torre-attack
https://en.chessbase.com/post/the-weekly-show-with-lawrence-trent-2019-21
https://en.chessbase.com/post/moskau-grand-prix-live
https://en.chessbase.com/post/announcing-komodo-13
https://en.chessbase.com/post/why-imsa-had-men-s-not-open-chess
https://en.chessbase.com/post/moscow-grand-prix-2019-r2-d2
https://en.chessbase.com/post/moscow-grand-prix-2019-r1-d3
https://en.chessbase.com/post/endgame-blog-karsten-mueller-1009e
https://en.chessbase.com/post/imsa-rapid-day-1
https://en.chessbase.com/post/vassily-ivanchuk-wins-capablanca-memorial-for-an-eighth-time
https://en.chessbase.com/post/power-play-show-2019-6
https://en.chessbase.com/post/imsa-live
https://en.chessbase.com/post/tactic-blog-oliver-reeh-2019_20_e
https://en.chessbase.com/post/anjelina-on-kasparov-vs-deep-blue
https://en.chessbase.com/post/the-game-of-the-week-2019-12
https://en.chessbase.com/post/moscow-grand-prix-2019-preview
https://en.chessbase.com/post/tutorial-chessbase-account-videos-01-shows-eng
https://en.chessbase.com/post/fast-and-furious-with-im-robert-ris-2019-05-16
https://en.chessbase.com/post/review-marins-english-love-a-complete-repertoire-for-white-after-1c4
https://en.chessbase.com/post/moscow-grand-prix-2019-r1-d1
https://en.chessbase.com/post/elite-chess-training
https://en.chessbase.com/post/polish-championships-2019-round-5
https://en.chessbase.com/post/moscow-grand-prix-2019-r1-d2
https://en.chessbase.com/post/korobov-and-kosteniuk-dominate-imsa-rapid-2019
https://en.chessbase.com/post/simon-says-2019-20
https://en.chessbase.com/post/bisik-bisik-with-gm-daniel-fernandez
https://en.chessbase.com/post/sigeman-2019-jones-secures-win
https://en.chessbase.com/post/why-are-men-better-chess-players-than-women
https://en.chessbase.com/post/cote-d-ivoire-2019-day-5
https://en.chessbase.com/post/cote-d-ivoire-2019-day-4
https://en.chessbase.com/post/cote-d-ivoire-2019-day-3
https://en.chessbase.com/post/tactic-blog-oliver-reeh-2019_19_e
https://en.chessbase.com/post/netflix-miniseries-queen-s-gambit-planned
https://en.chessbase.com/post/endgame-magic-129
https://en.chessbase.com/post/grand-chess-tour-ivory-coast-2019-live
https://en.chessbase.com/post/start-of-sigeman-co-2019
https://en.chessbase.com/post/cote-d-ivoire-2019-day-1
https://en.chessbase.com/post/who-was-ilya-kan
https://en.chessbase.com/post/guildford-1-wins-4ncl
https://en.chessbase.com/post/endgame-blog-karsten-mueller-1011e
https://en.chessbase.com/post/a-tribute-to-composer-dieter-kutzborski
https://en.chessbase.com/post/cote-d-ivoire-2019-day-2
https://en.chessbase.com/post/anish-giri-entertains-in-blindfold-simul
https://en.chessbase.com/post/russian-team-ch-2019-bronze-riders-defend-title
https://en.chessbase.com/post/depth-and-beauty-in-pervakov-s-endgame-studies
https://en.chessbase.com/post/simon-says-2019-19
https://en.chessbase.com/post/tepe-sigeman-2019-round-3
https://en.chessbase.com/post/mvl-qualifying-for-the-2020-candidates-is-extremely-crucial-for-me
https://en.chessbase.com/post/the-game-of-the-week-2019-18
https://en.chessbase.com/post/chessbase-in-french
https://en.chessbase.com/post/the-weekly-show-with-lawrence-trent-2019-19
https://en.chessbase.com/post/the-best-and-worst-countries-to-be-a-female-chess-player
https://en.chessbase.com/post/grand-chess-tour-2019
https://en.chessbase.com/post/capablanca-memorial-2019-round-5
https://en.chessbase.com/post/russian-team-ch-2019-round-5
https://en.chessbase.com/post/the-magician-from-moscow
https://en.chessbase.com/post/russian-team-ch-2019-round-3
https://en.chessbase.com/post/endgame-blog-karsten-mueller-1010e-19
https://en.chessbase.com/post/tutorial-openings-chessbase-com-eng
https://en.chessbase.com/post/speelman-agony-97
https://en.chessbase.com/post/bisik-bisik-with-garry-kasparov-part-3
https://en.chessbase.com/post/power-play-show-2019-4
https://en.chessbase.com/post/tactic-blog-oliver-reeh-2019_18_e
https://en.chessbase.com/post/bisik-bisik-with-chan-kwei-kyong
https://en.chessbase.com/post/grenke-classic-and-open-2019-live
https://en.chessbase.com/post/vidit-gujrathi-s-blindfold-magic
https://en.chessbase.com/post/the-complex-najdorf-a-complete-repertoire-for-black
https://en.chessbase.com/post/yermo-s-travels-rhodes-3
https://en.chessbase.com/post/the-weekly-show-with-lawrence-trent-2019-18
https://en.chessbase.com/post/chess-videos-on-the-internet
https://en.chessbase.com/post/simon-says-2019-18
https://en.chessbase.com/post/a-reykjavik-retrospective-2019
https://en.chessbase.com/post/grenke-classic-2019-round-9
https://en.chessbase.com/post/tutorial-strategy-training-with-the-chessbase-magazine
https://en.chessbase.com/post/fast-and-furious-with-im-robert-ris-2019-18
https://en.chessbase.com/post/endgame-magic-128
https://en.chessbase.com/post/endgame-blog-karsten-mueller-1021e
https://en.chessbase.com/post/sydney-what-is-dead-may-never-die
https://en.chessbase.com/post/fide-ratings-2019-5
https://en.chessbase.com/post/endgame-magic-127
https://en.chessbase.com/post/chess-calendar-may-2019
https://en.chessbase.com/post/chess-and-whiskey
https://en.chessbase.com/post/study-of-the-month-2019-04
https://en.chessbase.com/post/tutorial-tactic-training-with-chessbase-magazine-03
https://en.chessbase.com/post/grenke-classic-2019-round-5
https://en.chessbase.com/post/a-lifetime-long-love-for-the-english
https://en.chessbase.com/post/power-play-show-2019-3
https://en.chessbase.com/post/grenke-classic-2019-round-6
https://en.chessbase.com/post/grenke-classic-2019-round-7
https://en.chessbase.com/post/april-1st-entertainment-the-solution
https://en.chessbase.com/post/new-chessbase-magazine-189
https://en.chessbase.com/post/over-1000-chess-lovers-in-katowice
https://en.chessbase.com/post/the-game-of-the-week-2019-17
https://en.chessbase.com/post/grenke-classic-2019-round-8
https://en.chessbase.com/post/tactic-blog-oliver-reeh-2019_17_e
https://en.chessbase.com/post/shenzhen-masters-2019-round-9
https://en.chessbase.com/post/carlsen-rating-to-2861
https://en.chessbase.com/post/fide-updates-regulations-for-the-world-championship
https://en.chessbase.com/post/vlastimil-hort-pricao-mi-gliga
https://en.chessbase.com/post/two-indians-play-non-stop-blitz-for-53-hours-to-create-a-world-record
https://en.chessbase.com/post/endgame-blog-karsten-mueller-1008e
https://en.chessbase.com/post/speelman-agony-96
https://en.chessbase.com/post/yermo-s-travels-rhodes-2
https://en.chessbase.com/post/european-women-championship-2019-live
https://en.chessbase.com/post/daniel-fridman-wins-grenke-open-2019
https://en.chessbase.com/post/grenke-classic-2019-round-4
https://en.chessbase.com/post/grenke-classic-2019-round-2
https://en.chessbase.com/post/grenke-classic-and-open-2019-start
https://en.chessbase.com/post/european-women-championship-2019-round-11
https://en.chessbase.com/post/grenke-classic-2019-round-1
https://en.chessbase.com/post/iranian-gm-alireza-firouzja-forfeits-game-due-to-opponent-or-bronstein-s-israeli-nationality-at-grenke-chess-open
https://en.chessbase.com/post/europian-senior-championships-2019-conclude-in-rhodes
https://en.chessbase.com/post/simon-says-2019-17
https://en.chessbase.com/post/grenke-classic-2019-round-3
https://en.chessbase.com/post/yermo-s-travels-rhodes
https://en.chessbase.com/post/shenzhen-masters-2019-round-6
https://en.chessbase.com/post/30-minute-chess-training-vidit-opening-caro-kann
https://en.chessbase.com/post/european-women-championship-2019-round-8
https://en.chessbase.com/post/endgame-magic-126
https://en.chessbase.com/post/fast-and-furious-with-im-robert-ris-2019-16
https://en.chessbase.com/post/shenzhen-masters-2019-round-3
https://en.chessbase.com/post/european-women-s-ch-fighting-chess
https://en.chessbase.com/post/ask-fabiano-caruana-your-chess-questions
https://en.chessbase.com/post/a-guide-to-the-opening-encyclopaedia-2019
https://en.chessbase.com/post/apropos-illegal-castling
https://en.chessbase.com/post/the-game-of-the-week-2019-16
https://en.chessbase.com/post/reykjavik-firouzja-express-gestoppt
https://en.chessbase.com/post/endgame-magic-125
https://en.chessbase.com/post/european-women-championship-2019-round-6
https://en.chessbase.com/post/europian-senior-championships-2019-conclude-in-rhodes
https://en.chessbase.com/post/reykjavik-open-2019-8-way-tie
https://en.chessbase.com/post/endgame-blog-karsten-mueller-1007e
https://en.chessbase.com/post/tactic-blog-oliver-reeh-2019_16_e
https://en.chessbase.com/post/the-weekly-show-with-lawrence-trent-2019-16
https://en.chessbase.com/post/simon-says-2019-16
https://en.chessbase.com/post/nigel-short-at-the-chess-club-and-scholastic-center-of-atlanta
https://en.chessbase.com/post/focus-on-bahamas
https://en.chessbase.com/post/tutorial-training-with-chessbase-magazine-and-lets-check-part-02
https://en.chessbase.com/post/reykjavik-open-2019-round-5
https://en.chessbase.com/post/using-the-knight-s-tour-to-impress
https://en.chessbase.com/post/chess-festival-katowice-poland-2019
https://en.chessbase.com/post/european-women-championship-2019-antalya
https://en.chessbase.com/post/tutorial-training-with-chessbase-magazine-and-lets-check-part-01
https://en.chessbase.com/post/mar-del-plata-open-turns-50
https://en.chessbase.com/post/the-magician-from-moscow
https://en.chessbase.com/post/the-game-of-the-week-2019-15
https://en.chessbase.com/post/tactic-blog-oliver-reeh-2019_15_e
https://en.chessbase.com/post/efim-bogoljubow-a-chess-career
https://en.chessbase.com/post/power-play-show-2019-2
https://en.chessbase.com/post/mouth-watering-clash-short-vs-gustafsson-at-bangkok-open-2019
https://en.chessbase.com/post/gamma-reykjavik-open-2019-starts
https://en.chessbase.com/post/maxim-matlakov-chinches-21st-dubai-open-2019
https://en.chessbase.com/post/grivas-talent-is-the-excuse-of-the-failed
https://en.chessbase.com/post/ashdod-win-their-seventh-israeli-team-championship
https://en.chessbase.com/post/european-women-s-ch-fighting-chess
https://en.chessbase.com/post/gustafsson-bags-bangkok-open
https://en.chessbase.com/post/raghunandan-and-indjic-lead-dubai-open-2019-after-four-rounds
https://en.chessbase.com/post/shamkir-chess-2019-8
https://en.chessbase.com/post/endgame-blog-karsten-mueller-1006e
https://en.chessbase.com/post/shamkir-chess-2019-7
https://en.chessbase.com/post/shamkir-chess-2019-round-1-live
https://en.chessbase.com/post/new-opening-encyclopaedia-2019
https://en.chessbase.com/post/eva-moser-died-of-leukaemia
https://en.chessbase.com/post/san-juan-puerto-rico-festival-2019
https://en.chessbase.com/post/german-league-2018-2019-baden-baden-wins
https://en.chessbase.com/post/harnessing-the-future-of-asian-chess
https://en.chessbase.com/post/five-years-after-his-death-vugar-gashimov-s-games-still-live-on
https://en.chessbase.com/post/the-weekly-show-with-lawrence-trent-2019-15
https://en.chessbase.com/post/bring-your-opponent-into-a-fist-fight-from-the-off
https://en.chessbase.com/post/speelman-agony-95
https://en.chessbase.com/post/19th-bangkok-chess-club-open-begins-with-upsets
https://en.chessbase.com/post/shamkir-chess-2019-6
https://en.chessbase.com/post/inspirational-studies-for-chess-players
https://en.chessbase.com/post/shamkir-chess-2019-9
https://en.chessbase.com/post/simon-says-2019-15
https://en.chessbase.com/post/shamkir-chess-2019-2
https://en.chessbase.com/post/fast-and-furious-with-im-robert-ris-2019-14
https://en.chessbase.com/post/the-game-of-the-week-2019-14
https://en.chessbase.com/post/shamkir-chess-2019-5
https://en.chessbase.com/post/endgame-blog-karsten-mueller-1005e
https://en.chessbase.com/post/magnus-carlsens-first-game-in-mega-database
https://en.chessbase.com/post/three-problems-that-baffled-the-solver
https://en.chessbase.com/post/shamkir-chess-2019-3-carlsen-takes-the-lead
https://en.chessbase.com/post/power-play-show-2019-14
https://en.chessbase.com/post/fide-ratings-2019-4
https://en.chessbase.com/post/the-weekly-show-with-lawrence-trent-2019-4
https://en.chessbase.com/post/shamkir-chess-2019-4
https://en.chessbase.com/post/chessbase-magazine-extra-188-helping-your-prep
https://en.chessbase.com/post/tactic-blog-oliver-reeh-2019_14_e
https://en.chessbase.com/post/interview-with-aeroflot-winner-kaido-kulaots-part-ii
https://en.chessbase.com/post/ernesto-inarkiev-wins-sharjah-masters-2019
https://en.chessbase.com/post/eva-moser-died-of-leukaemia
https://en.chessbase.com/post/tutorial-interactive-training-with-chessbase15-part-03
https://en.chessbase.com/post/simon-says-2019-4
https://en.chessbase.com/post/european-individual-championship-2019-10
https://en.chessbase.com/post/april-1st-entertainment
https://en.chessbase.com/post/us-championship-2019-7
https://en.chessbase.com/post/us-championship-2019-11
https://en.chessbase.com/post/new-cbm-extra-188-with-lucky-bag-and-new-design
https://en.chessbase.com/post/u-s-championship-2019-live
https://en.chessbase.com/post/us-championship-2019-9
https://en.chessbase.com/post/the-focus-is-on-training
https://en.chessbase.com/post/power-play-show-2019-01-9
https://en.chessbase.com/post/european-individual-championship-2019-11
https://en.chessbase.com/post/european-individual-championship-2019-live
https://en.chessbase.com/post/tactic-blog-oliver-reeh-2019_13_e
https://en.chessbase.com/post/chess-calendar-april-2019
https://en.chessbase.com/post/shamkir-chess-2019-1
https://en.chessbase.com/post/study-of-the-month-march-2019
https://en.chessbase.com/post/us-championship-2019-10
https://en.chessbase.com/post/us-championship-2019-8
https://en.chessbase.com/post/us-championship-2019-5
https://en.chessbase.com/post/us-championship-2019-6
https://en.chessbase.com/post/deal-of-the-week-wesley-so-opening-secrets
https://en.chessbase.com/post/european-individual-championship-2019-8-9
https://en.chessbase.com/post/homeless-immigrant-family-finds-a-home-thanks-to-chess
https://en.chessbase.com/post/european-individual-championship-2019-5
https://en.chessbase.com/post/european-individual-championship-2019-6-7
https://en.chessbase.com/post/tutorial-chessbase-15-training-with-engine-analysis
https://en.chessbase.com/post/us-championship-2019-3
https://en.chessbase.com/post/new-yannick-pelletier-anti-london-system
https://en.chessbase.com/post/chess-magazine-find-the-winning-move
https://en.chessbase.com/post/sharjah-masters-2019-five-leaders-after-three-rounds
https://en.chessbase.com/post/endgame-blog-karsten-mueller-1004e
https://en.chessbase.com/post/women-world-championship-candidates-2019
https://en.chessbase.com/post/let-a-2799-elo-player-being-your-opening-tutor
https://en.chessbase.com/post/1st-hail-rapid-chess-tournament-saudi-arabia-2019
https://en.chessbase.com/post/us-championship-2019-4
https://en.chessbase.com/post/the-weekly-show-with-lawrence-trent-2019-14
https://en.chessbase.com/post/candidates-women-2019-kazan
https://en.chessbase.com/post/life-before-and-after-retirement
https://en.chessbase.com/post/carlsen-and-giri-campaign-for-racial-equality
https://en.chessbase.com/post/endgame-blog-karsten-mueller-1003e
https://en.chessbase.com/post/simon-says-2019-2
https://en.chessbase.com/post/kramnik-s-challenge-find-the-mate-in-three
https://en.chessbase.com/post/vassily-ivanchuk-50th-birthday
https://en.chessbase.com/post/us-championship-2019-1
https://en.chessbase.com/post/start-european-championship-2019-skopje
https://en.chessbase.com/post/the-weekly-show-with-lawrence-trent-2019-13
https://en.chessbase.com/post/understanding-minor-piece-endgames
https://en.chessbase.com/post/fast-and-furious-with-im-robert-ris-2019-13
https://en.chessbase.com/post/us-championships-2019-preview
https://en.chessbase.com/post/deal-of-the-week-what-grandmasters-do-not-see
https://en.chessbase.com/post/tactic-blog-oliver-reeh-2019_12_e
https://en.chessbase.com/post/us-championship-2019-2
https://en.chessbase.com/post/the-game-of-the-week-2019-13
https://en.chessbase.com/post/a-valentine-s-ode-to-chess
https://en.chessbase.com/post/kramnik-s-challenge-anand-provides-the-solution
https://en.chessbase.com/post/young-talents-and-preteen-gms
https://en.chessbase.com/post/european-individual-championship-2019-3-4
https://en.chessbase.com/post/nikita-vitiugov
https://en.chessbase.com/post/power-play-show-2019-01-8
https://en.chessbase.com/post/world-team-ch-2019-round-8
https://en.chessbase.com/post/acp-elections-voting-2019
https://en.chessbase.com/post/world-team-ch-2019-round-9
https://en.chessbase.com/post/world-team-ch-2019-round-7
https://en.chessbase.com/post/prague-anton-wins-challengers-tournament
https://en.chessbase.com/post/an-adolf-anderssen-anniversary
https://en.chessbase.com/post/the-weekly-show-with-lawrence-trent-2019-11
https://en.chessbase.com/post/wang-hao-9th-hd-bank-open-2019
https://en.chessbase.com/post/juan-blanco-interview-crisis-in-venezuela
https://en.chessbase.com/post/europe-s-youngest-fide-trainer-im-armin-juhasz
https://en.chessbase.com/post/interview-with-aeroflot-winner-kaido-kulaots-part-1
https://en.chessbase.com/post/world-team-championship-2019-live
https://en.chessbase.com/post/tactic-blog-oliver-reeh-2019_11_e
https://en.chessbase.com/post/prague-masters-2019-round-9
https://en.chessbase.com/post/prague-international-festival-2019-live
https://en.chessbase.com/post/endgame-magic-8
https://en.chessbase.com/post/praggnanandhaa-prague-beats-ju-shirov
https://en.chessbase.com/post/world-team-ch-2019-round-6
https://en.chessbase.com/post/nato-chess-championships
https://en.chessbase.com/post/st-louis-spring-classic-2019-LIVE
https://en.chessbase.com/post/crowded-at-the-top-of-st-louis-spring-classic
https://en.chessbase.com/post/world-team-ch-2019-round-5
https://en.chessbase.com/post/xiong-springs-to-classic-first
https://en.chessbase.com/post/world-team-ch-2019-round-4
https://en.chessbase.com/post/elizabeth-spiegel
https://en.chessbase.com/post/power-play-show-2019-01-6
https://en.chessbase.com/post/grenke-chess-classic-mit-carlsen-caruana-und-keymer
https://en.chessbase.com/post/tactic-blog-oliver-reeh-2019_10_e
https://en.chessbase.com/post/new-in-chess-2019-01
https://en.chessbase.com/post/fast-and-furious-with-im-robert-ris-10
https://en.chessbase.com/post/new-marin-s-english-love
https://en.chessbase.com/post/accentus-young-masters-2019-noel-studer
https://en.chessbase.com/post/stanley-kubrick-inspired-by-chess
https://en.chessbase.com/post/endgame-blog-karsten-mueller-1002e
https://en.chessbase.com/post/prague-chess-festival-2019-round-5
https://en.chessbase.com/post/endgame-magic-123
https://en.chessbase.com/post/bundesliga-2018-19-central-rounds
https://en.chessbase.com/post/the-weekly-show-with-lawrence-trent-2019-10
https://en.chessbase.com/post/pia-cramling-wins-vaestgoeta-open-in-skara
https://en.chessbase.com/post/world-team-ch-2019-round-2
https://en.chessbase.com/post/hou-yifan-leads-oxford-to-victory-over-cambridge
https://en.chessbase.com/post/the-game-of-the-week-2019-10
https://en.chessbase.com/post/timur-in-the-sky-for-chess-life
https://en.chessbase.com/post/problems-of-calculating-ratings-of-junior-players
https://en.chessbase.com/post/world-team-ch-2019-preview
https://en.chessbase.com/post/new-chessbase-magazine-2
https://en.chessbase.com/post/golden-age-of-us-chess-for-players-ages-50-and-older
https://en.chessbase.com/post/tutorial-chessbase-15-2019-training-finding-keymoves-01-eng
https://en.chessbase.com/post/fide-ratings-2019-3
https://en.chessbase.com/post/chess-rejected-from-olympic-games-2024-paris
https://en.chessbase.com/post/endgame-blog-karsten-mueller-1001e
https://en.chessbase.com/post/speelman-agony-94
https://en.chessbase.com/post/the-olympic-dream
https://en.chessbase.com/post/bundesliga-2019-berlin-central-weekend-live
https://en.chessbase.com/post/champions-showdown-2019-blitz-final
https://en.chessbase.com/post/fun-and-instructive-the-new-search-mask-in-chessbase-15
https://en.chessbase.com/post/arnold-denker-us-champion-author-chess-enthusiast
https://en.chessbase.com/post/champions-showdown-in-st-louis-live
https://en.chessbase.com/post/aeroflot-open-2019-round-8-9-kulaots
https://en.chessbase.com/post/chessbase-extra-187
https://en.chessbase.com/post/a-history-of-top-chess-players-over-time
https://en.chessbase.com/post/bunratty-chess-festival-2019
https://en.chessbase.com/post/simon-says-2019-9
https://en.chessbase.com/post/aeroflot-open-live
https://en.chessbase.com/post/kramnik-s-challenge-anand-provides-the-solution
https://en.chessbase.com/post/extreme-calculation-training
https://en.chessbase.com/post/endgame-blog-karsten-mueller-1000e
https://en.chessbase.com/post/the-game-of-the-week-2019-9
https://en.chessbase.com/post/aeroflot-open-2019-round-7
https://en.chessbase.com/post/tactic-blog-oliver-reeh-2019_09_e
https://en.chessbase.com/post/the-weekly-show-with-lawrence-trent-2019-9
https://en.chessbase.com/post/kramnik-s-challenge-find-the-mate-in-three
https://en.chessbase.com/post/tactic-blog-oliver-reeh-2019_08_e
https://en.chessbase.com/post/power-play-show-2019-01-7
https://en.chessbase.com/post/bundesliga-2018-19-round-8
https://en.chessbase.com/post/shamkir-chess-2019-with-carlsen
https://en.chessbase.com/post/tutorial-chessbase15-playerbase
https://en.chessbase.com/post/encounters-richard-and-richard-and-woody
https://en.chessbase.com/post/aeroflot-open-2019-round-3
https://en.chessbase.com/post/aeroflot-open-2019-round-4-5
https://en.chessbase.com/post/champions-showdown-2019-rapid-final
https://en.chessbase.com/post/aeroflot-open-2019-round-1
https://en.chessbase.com/post/fast-and-furious-with-im-robert-ris-3
https://en.chessbase.com/post/james-mason-and-the-london-system
https://en.chessbase.com/post/aeroflot-open-2019-round-2
https://en.chessbase.com/post/the-game-of-the-week-2019-353
https://en.chessbase.com/post/study-of-the-month-2019-2
https://en.chessbase.com/post/champions-showdown-caruana-and-rapport-with-the-best-start
https://en.chessbase.com/post/tutorial-chessbase-15-database-managment
https://en.chessbase.com/post/bomb-threats-in-moscow-round-1-of-the-aeroflot-open-was-aborted
https://en.chessbase.com/post/tactic-blog-oliver-reeh-2019_07_e
https://en.chessbase.com/post/cairns-cup-2019-round-8
https://en.chessbase.com/post/new-masterclass-vladimir-kramnik
https://en.chessbase.com/post/the-weekly-show-with-lawrence-trent-2019-5
https://en.chessbase.com/post/aeroflot-open-2019-preview
https://en.chessbase.com/post/power-play-show-2019-01-5
https://en.chessbase.com/post/st-louis-cairns-cup-live
https://en.chessbase.com/post/cairns-cup-2019-round-9
https://en.chessbase.com/post/endgame-magic-9
https://en.chessbase.com/post/chess-boom-in-norway-mikroputt-and-lilliputt
https://en.chessbase.com/post/simon-says-2019-3
https://en.chessbase.com/post/trophee-napoleon-des-echecs
https://en.chessbase.com/post/champions-showdown-in-st-louis
https://en.chessbase.com/post/speelman-agony-93
https://en.chessbase.com/post/endgame-blog-karsten-mueller-999e
https://en.chessbase.com/post/christopher-yoo-ten-facts
https://en.chessbase.com/post/the-adventure-of-chess-programming-part-3
https://en.chessbase.com/post/endgame-blog-karsten-mueller-998e
https://en.chessbase.com/post/the-weekly-show-with-lawrence-trent-2019-3
https://en.chessbase.com/post/cairns-cup-2019-round-7
https://en.chessbase.com/post/chess-in-blue
https://en.chessbase.com/post/manuals-2019-chessbase15
https://en.chessbase.com/post/simon-says-2019-7
https://en.chessbase.com/post/the-adventure-of-chess-programming-part-2
https://en.chessbase.com/post/argentina-silver-generation
https://en.chessbase.com/post/grand-chess-tour-confirms-full-tour-participants-for-the-2019-season
https://en.chessbase.com/post/are-you-bombastic
https://en.chessbase.com/post/tutorial-chessbase-online-shopping-2019-eng
https://en.chessbase.com/post/cairns-cup-2019-round-6
https://en.chessbase.com/post/the-game-of-the-week-2019-7
https://en.chessbase.com/post/reaction-to-vladimir-kramnik-retires
https://en.chessbase.com/post/chessbase-15-review
https://en.chessbase.com/post/the-adventure-of-chess-programming-part-1
https://en.chessbase.com/post/endgame-magic-121
https://en.chessbase.com/post/cairns-cup-2019-round-5
https://en.chessbase.com/post/the-olympic-dream
https://en.chessbase.com/post/the-game-of-the-week-2019-6
https://en.chessbase.com/post/the-weekly-show-with-lawrence-trent-2019-6
https://en.chessbase.com/post/power-play-show-2019-01-4
https://en.chessbase.com/post/tactic-blog-oliver-reeh-2019_06_e
https://en.chessbase.com/post/kcf-promotes-usa-scholastic-events
https://en.chessbase.com/post/gibraltar-international-chess-festival-2
https://en.chessbase.com/post/gibraltar-opening-trends-ii
https://en.chessbase.com/post/cairns-cup-2019-round-1
https://en.chessbase.com/post/all-chessbase-15-tutorials-at-one-glance
https://en.chessbase.com/post/1st-prague-international-chess-festival-2019
https://en.chessbase.com/post/tigran-petrosian-money
https://en.chessbase.com/post/the-most-recent-opening-trends
https://en.chessbase.com/post/gibraltar-opening-trends-iii
https://en.chessbase.com/post/problem-chess-with-pal-benko
https://en.chessbase.com/post/cairns-cup-2019-round-4
https://en.chessbase.com/post/fast-and-furious-with-im-robert-ris-6
https://en.chessbase.com/post/savchenko-and-bodnaruk-win-moscow-open
https://en.chessbase.com/post/cairns-cup-2019-round-3
https://en.chessbase.com/post/interview-with-anand
https://en.chessbase.com/post/the-adventure-of-chess-programming-part-1
https://en.chessbase.com/post/team-tal-epilogue
https://en.chessbase.com/post/anne-haast-wins-arves-2019
https://en.chessbase.com/post/speelman-agony-92
https://en.chessbase.com/post/interview-with-natasha-regan-and-matthew-sadler
https://en.chessbase.com/post/gibraltar-2019-round-8-9
https://en.chessbase.com/post/st-louis-cairns-cup-2019
https://en.chessbase.com/post/endgame-blog-karsten-mueller-997e
https://en.chessbase.com/post/darryl-johansen-60th-birthday
https://en.chessbase.com/post/gibraltar-international-chess-festival-2019-live
https://en.chessbase.com/post/tactic-blog-oliver-reeh-2019_05_e
https://en.chessbase.com/post/shirov-wins-arica-2019
https://en.chessbase.com/post/fide-ratings-2019-2
https://en.chessbase.com/post/magnus-carlsen-in-forbes
https://en.chessbase.com/post/the-strongest-ever-chess-boom-in-iran
https://en.chessbase.com/post/simon-says-2018-11-7
https://en.chessbase.com/post/gibraltar-2019-round-10
https://en.chessbase.com/post/tata-steel-chess-carlsen-wins-his-seventh-title
https://en.chessbase.com/post/gibraltar-2019-fun-and-games
https://en.chessbase.com/post/study-of-the-month-2018-08
https://en.chessbase.com/post/tata-steel-chess-carlsen-and-giri-to-battle-for-the-title
https://en.chessbase.com/post/study-of-the-month-2018-09
https://en.chessbase.com/post/study-of-the-month-2019-1
https://en.chessbase.com/post/vladimir-kramnik-to-retire
https://en.chessbase.com/post/endgame-blog-karsten-mueller-996e
https://en.chessbase.com/post/power-play-show-2019-01-25
https://en.chessbase.com/post/gibraltar-masterclass-with-adhiban-and-more
https://en.chessbase.com/post/gibraltar-2019-outsiders-challenge
https://en.chessbase.com/post/tata-steel-challengers-2019
https://en.chessbase.com/post/tutorial-sharing-games-with-chessbase-15
https://en.chessbase.com/post/a-training-camp-with-sergei-tiviakov
https://en.chessbase.com/post/tata-steel-chess-2019-live
https://en.chessbase.com/post/tata-steel-chess-2019-round-11
https://en.chessbase.com/post/the-weekly-show-with-lawrence-trent-2019-05
https://en.chessbase.com/post/the-game-of-the-week-2019-5
https://en.chessbase.com/post/monte-carlo-instead-of-alpha-beta
https://en.chessbase.com/post/chessbase-magazine-187-review
https://en.chessbase.com/post/study-of-the-month-2018-10
https://en.chessbase.com/post/gibraltar-international-chess-festival-2019
https://en.chessbase.com/post/tactic-blog-oliver-reeh-2019_04_e
https://en.chessbase.com/post/new-fide-grand-swiss-tournament
https://en.chessbase.com/post/start-of-gibraltar-masters-2019
https://en.chessbase.com/post/the-game-of-the-week-2019-4
https://en.chessbase.com/post/endgame-blog-karsten-mueller-995e
https://en.chessbase.com/post/endgame-magic-120
https://en.chessbase.com/post/tata-steel-chess-2019-round-8
https://en.chessbase.com/post/the-aggressive-classical-dutch
https://en.chessbase.com/post/tutorial-endgame-turbo5-2019en
https://en.chessbase.com/post/the-most-recent-opening-trends
https://en.chessbase.com/post/tutorial-chessbase15-training-database
https://en.chessbase.com/post/tata-steel-chess-2019-round-9
https://en.chessbase.com/post/wonderful-chess-compositions
https://en.chessbase.com/post/the-weekly-show-with-lawrence-trent-2019-04
https://en.chessbase.com/post/tata-steel-chess-2019-round-10
https://en.chessbase.com/post/fast-and-furious-with-im-robert-ris-04
https://en.chessbase.com/post/grand-chess-tour-2019-in-africa-asia
https://en.chessbase.com/post/tata-steel-chess-yermolinsky-on-round-7
https://en.chessbase.com/post/magnus-carlsen-in-yunomi
https://en.chessbase.com/post/toronto-is-king-of-the-cucc
https://en.chessbase.com/post/tata-steel-chess-2019-round-5
https://en.chessbase.com/post/vidit-gujrathi-i-like-everyone-else-want-to-perform-well
https://en.chessbase.com/post/speelman-agony-91
https://en.chessbase.com/post/endgame-blog-karsten-mueller-994e
https://en.chessbase.com/post/the-weekly-show-with-lawrence-trent-2019-03
https://en.chessbase.com/post/chessbase-15-tutorial-chess-images-with-raytracing
https://en.chessbase.com/post/tactic-blog-oliver-reeh-2019_03_e
https://en.chessbase.com/post/nimzowitsch-warm-words-and-a-system
https://en.chessbase.com/post/tata-steel-chess-2019-round-6
https://en.chessbase.com/post/tata-steel-chess-2019-round-7
https://en.chessbase.com/post/fischer-beats-karpov-10-4-a-simulation
https://en.chessbase.com/post/power-play-show-2019-01-2
https://en.chessbase.com/post/gukesh-becomes-second-youngest-gm-in-history
https://en.chessbase.com/post/tata-steel-chess-2019-round-4
https://en.chessbase.com/post/the-game-of-the-week-2019-3
https://en.chessbase.com/post/alphazero-s-thoughts
https://en.chessbase.com/post/european-individual-championship-2019-announced
https://en.chessbase.com/post/gm-edouard-and-calculation-training
https://en.chessbase.com/post/tata-steel-chess-2019-round-3
https://en.chessbase.com/post/tactic-blog-oliver-reeh-2019_02_e
https://en.chessbase.com/post/tata-steel-chess-2019-round-2
https://en.chessbase.com/post/the-game-of-the-week-2019-2
https://en.chessbase.com/post/best-of-2018-player-female-player-newcomer
https://en.chessbase.com/post/le-quang-liem-wins-bay-area-international
https://en.chessbase.com/post/yermolinsky-travelogue-chihuahua-open-2018
https://en.chessbase.com/post/chessbase-15-tutorial-chess-images-with-raytracing
https://en.chessbase.com/post/tata-steel-chess-2019-begins
https://en.chessbase.com/post/tutorial-chessbase-15-automatic-update-service-for-chessbase-mega-database-2019
https://en.chessbase.com/post/tata-steel-chess-2019-round-1
https://en.chessbase.com/post/power-play-show-2019-01-11
https://en.chessbase.com/post/best-of-2018-game-endgame-and-combination
https://en.chessbase.com/post/inside-an-italian-prison-first-fide-rated-classical-tournament
https://en.chessbase.com/post/wesley-so-s-south-african-swing
https://en.chessbase.com/post/vlastimil-hort-turns-75-an-interview
https://en.chessbase.com/post/man-vs-machine-challenging-human-supremacy-at-chess
https://en.chessbase.com/post/women-world-championship-candidates-2019
https://en.chessbase.com/post/speelman-agony-90
https://en.chessbase.com/post/bobby-fischer-second-us-champion-title-1959
https://en.chessbase.com/post/endgame-blog-karsten-mueller-993e
https://en.chessbase.com/post/tamir-nabaty-wins-rilton-cup-2019
https://en.chessbase.com/post/nabaty-leads-rilton-cup-2018
https://en.chessbase.com/post/rilton-cup-round-9-live
https://en.chessbase.com/post/the-weekly-show-with-lawrence-trent-2018-02
https://en.chessbase.com/post/tactic-blog-oliver-reeh-2019_01_e
https://en.chessbase.com/post/tutorial-chessbase-15-reference-search
https://en.chessbase.com/post/problem-chess-with-noam-elkies
https://en.chessbase.com/post/the-secrets-of-b-adhiban-s-positive-approach-towards-chess-and-life
https://en.chessbase.com/post/italy-arco-open-christmas-2018
https://en.chessbase.com/post/endgame-magic-the-best-endgames-of-2019
https://en.chessbase.com/post/94th-hastings-congress-2019
https://en.chessbase.com/post/the-money-problem-can-you-solve-it
https://en.chessbase.com/post/fahim-life-writes-stories
https://en.chessbase.com/post/webster-wins-pan-am-harvard-qualifies-for-final-four
https://en.chessbase.com/post/the-weekly-show-with-lawrence-trent-66
https://en.chessbase.com/post/rilton-cup-2018-happy-new-year
https://en.chessbase.com/post/gm-ladva-wins-chess-festival-groningen-2018
https://en.chessbase.com/post/a-romantic-opening-in-modern-times
https://en.chessbase.com/post/israeli-championships-2018
https://en.chessbase.com/post/zurich-2018-haik-martirosyan
https://en.chessbase.com/post/world-rapid-ch-2018-r3
https://en.chessbase.com/post/team-tal-an-untold-story
https://en.chessbase.com/post/world-bllitz-ch-2018-b1
https://en.chessbase.com/post/study-of-the-month-2018-12
https://en.chessbase.com/post/fide-ratings-2019-1
https://en.chessbase.com/post/blitz-world-championship-2018-st-petersburg-live
https://en.chessbase.com/post/rapid-world-championship-2018-st-petersburg-live
https://en.chessbase.com/post/looking-back-christmas-puzzles
https://en.chessbase.com/post/2018-pan-am-college-chess-west-coast-revival
https://en.chessbase.com/post/endgame-blog-karsten-mueller-992e
https://en.chessbase.com/post/world-blitz-ch-2018-b2
