https://en.chessbase.com/post/power-play-show-2019-isle-of-man
https://en.chessbase.com/post/do-not-mess-with-texas
https://en.chessbase.com/post/britannica-the-development-of-chess-theory
https://en.chessbase.com/post/britannica-the-development-of-chess-theory-2
https://en.chessbase.com/post/hoogeveen-firouzja-express-nicht-zu-stoppen
https://en.chessbase.com/post/vincent-keymer-germany-s-youngest-grandmaster-of-all-time
https://en.chessbase.com/post/euro-teams-2019-r1
https://en.chessbase.com/post/tactic-blog-oliver-reeh-2019_43_e
https://en.chessbase.com/post/euro-teams-2019-r3
https://en.chessbase.com/post/evgeny-shtembuliak-and-polina-shuvalova-are-world-junior-champions
https://en.chessbase.com/post/new-simon-williams-bundle-the-london-system-with-2-bf4-reloaded-tactic-toolbox
https://en.chessbase.com/post/britannica-the-development-of-chess-theory-3
https://en.chessbase.com/post/coach-trainer-of-2018
https://en.chessbase.com/post/world-juniors-rd-9-can-anyone-stop-shtembuliak-and-shuvalova
https://en.chessbase.com/post/beginning-european-team-championship-2019
https://en.chessbase.com/post/world-junior-rd-6-alinasab-leads-iran-israel-pairing-creates-chaos
https://en.chessbase.com/post/world-junior-rd-5-shtembuliak-beats-praggnanandhaa
https://en.chessbase.com/post/hoogeveen-timman-and-youth-2019
https://en.chessbase.com/post/simon-says-2019-12
https://en.chessbase.com/post/fide-chess-com-grand-swiss-2019-r11
https://en.chessbase.com/post/britannica-the-development-of-chess-theory-2
https://en.chessbase.com/post/jon-edwards-chessbase-complete
https://en.chessbase.com/post/fide-chess-com-grand-swiss-2019-r8
https://en.chessbase.com/post/do-chess-playing-children-perform-better-in-school
https://en.chessbase.com/post/endgame-magic-137b-2
https://en.chessbase.com/post/britannica-the-development-of-chess-theory
https://en.chessbase.com/post/endgame-blog-karsten-mueller-1034_43e
https://en.chessbase.com/post/yet-another-shuvalova-queen-sacrifice
https://en.chessbase.com/post/world-junior-rd-7-unstoppable-shtembuliak
https://en.chessbase.com/post/the-weekly-show-with-lawrence-trent-2019-43
https://en.chessbase.com/post/fide-chess-com-grand-swiss-live
https://en.chessbase.com/post/fide-chess-com-grand-swiss-2019-r9
https://en.chessbase.com/post/speelman-agony-108
https://en.chessbase.com/post/fide-chess-com-grand-swiss-2019-r10
https://en.chessbase.com/post/hans-walter-schmitt-says-goodbye-with-simuls-by-anand-and-keymer
https://en.chessbase.com/post/world-junior-rd-2-the-optimism-of-the-young
https://en.chessbase.com/post/the-game-of-the-week-2019-27
https://en.chessbase.com/post/praggnanandhaa-and-polina-dominate-world-youth-2019
https://en.chessbase.com/post/world-junior-rd-3-4-petrosian-would-have-been-proud
https://en.chessbase.com/post/chess-is-a-sport-and-sport-is-emotion-an-interview-with-chess-photographer-lennart-ootes
https://en.chessbase.com/post/endgame-blog-karsten-mueller-1033_42e
https://en.chessbase.com/post/benko-s-final-three-mover
https://en.chessbase.com/post/tactic-blog-oliver-reeh-2019_42_e
https://en.chessbase.com/post/fide-chess-com-grand-swiss-2019-r7
https://en.chessbase.com/post/world-junior-rd-1-tough-start-for-the-top-seeds
https://en.chessbase.com/post/fide-chess-com-grand-swiss-2019-r4
https://en.chessbase.com/post/fast-and-furious-with-im-robert-ris-2019-42
https://en.chessbase.com/post/fide-chess-com-grand-swiss-2019-r6
https://en.chessbase.com/post/simon-says-2019-42
https://en.chessbase.com/post/the-weekly-show-with-lawrence-trent-2019-25
https://en.chessbase.com/post/2019-world-chess-grand-prix-series-to-start-in-hamburg
https://en.chessbase.com/post/fide-chess-com-grand-swiss-2019-r5
https://en.chessbase.com/post/fide-chess-com-grand-swiss-2019-r3
https://en.chessbase.com/post/britannica-the-development-of-chess-theory
https://en.chessbase.com/post/world-youth-rd-7-who-is-the-1830-performing-at-2568
https://en.chessbase.com/post/the-game-of-the-week-2019-383
https://en.chessbase.com/post/woman-chess-icon-nana-alexandria
https://en.chessbase.com/post/fide-chess-com-grand-swiss-2019-r2
https://en.chessbase.com/post/world-youth-rd-8-pragg-beats-iniyan
https://en.chessbase.com/post/fat-fritz-small-differences-big-effect
https://en.chessbase.com/post/the-weekly-show-with-lawrence-trent-2019-41
https://en.chessbase.com/post/world-youth-rd-10-high-voltage-penultimate-round
https://en.chessbase.com/post/world-youth-2019-round-6-just-14-and-already-a-professional
https://en.chessbase.com/post/tactic-blog-oliver-reeh-2019_41_e
https://en.chessbase.com/post/nato-chess-championship-2019
https://en.chessbase.com/post/world-youth-rd-9-aronyak-halts-hans-momentum
https://en.chessbase.com/post/global-chess-festival-in-budapest
https://en.chessbase.com/post/start-of-the-fide-grand-swiss-2019
https://en.chessbase.com/post/endgame-magic-137b
https://en.chessbase.com/post/fide-chess-com-grand-swiss-2019-r1
https://en.chessbase.com/post/world-cup-2019-r7-d3
https://en.chessbase.com/post/43rd-world-chess-solving-championship-vilnius-2019
https://en.chessbase.com/post/world-cup-round-1-live
https://en.chessbase.com/post/a-backdoor-and-a-shaky-candidate
https://en.chessbase.com/post/solving-with-nunn-solutions
https://en.chessbase.com/post/world-youth-2019-r2-3-exchange-french-pawn-endgames-and-some-brilliant-play
https://en.chessbase.com/post/world-youth-2019-r5-top-players-begin-their-domination
https://en.chessbase.com/post/world-youth-rd-4-srihari-beats-top-seed-sreeshwan-in-under-14-open-to-claim-sole-lead
https://en.chessbase.com/post/speelman-agony-107
https://en.chessbase.com/post/world-cup-2019-r7-d4
https://en.chessbase.com/post/chess-pattern-recognition-and-winning-moves-2
https://en.chessbase.com/post/tactic-blog-oliver-reeh-2019_40_e
https://en.chessbase.com/post/alexander-donchenko-prevails-in-barcelona
https://en.chessbase.com/post/world-youth-2019-round-1
https://en.chessbase.com/post/niclas-huschenbeth-recommends
https://en.chessbase.com/post/25-years-as-a-chess-organiser-an-interview-with-hans-walter-schmitt
https://en.chessbase.com/post/world-cup-2019-r7-d5
https://en.chessbase.com/post/endgame-blog-karsten-mueller-1032_41e
https://en.chessbase.com/post/magic-extremadura-wins-spanish-league-2019
https://en.chessbase.com/post/new-cbm-extra-191-with-simon-williams-and-yannick-pelletier
https://en.chessbase.com/post/so-near-yet-so-far-nikita-vitiugov-at-the-world-cup-2019
https://en.chessbase.com/post/power-play-show-2019-world-cup-2
https://en.chessbase.com/post/study-of-the-month-2019-9
https://en.chessbase.com/post/world-cup-2019-r6-d2
https://en.chessbase.com/post/the-weekly-show-with-lawrence-trent-2019-40
https://en.chessbase.com/post/the-game-of-the-week-2019-40
https://en.chessbase.com/post/an-electrifying-opening-ceremony-at-the-world-youth-championships-2019
https://en.chessbase.com/post/fide-ratings-2019-10
https://en.chessbase.com/post/a-practical-approach-to-rapid-tournaments
https://en.chessbase.com/post/endgame-blog-karsten-mueller-1031_40e
https://en.chessbase.com/post/judit-polgar-anna-rudolf-interview-atlantic
https://en.chessbase.com/post/chessbase-magazine-191-a-review
https://en.chessbase.com/post/world-cup-2019-r7-d1
https://en.chessbase.com/post/world-cup-2019-r7-d2
https://en.chessbase.com/post/chess-calendar-2019-october
https://en.chessbase.com/post/humpy-koneru-2019-interview-fide-grand-prix-skolkovo
https://en.chessbase.com/post/world-cup-2019-r6-d3
https://en.chessbase.com/post/world-cup-2019-r6-d1
https://en.chessbase.com/post/endgame-blog-karsten-mueller-1030_39e
https://en.chessbase.com/post/bobby-fischer-1970-the-forgotten-simul
https://en.chessbase.com/post/humpy-wins-skolkovo-fide-womens-grand-prix-2019
https://en.chessbase.com/post/world-cup-2019-r5-d3
https://en.chessbase.com/post/world-cup-2019-r5-d2
https://en.chessbase.com/post/world-cup-2019-r5-d1
https://en.chessbase.com/post/bobby-fischer-1970-ii-moody-friendly-generous
https://en.chessbase.com/post/fat-fritz-analyzes-a-matter-of-technique
https://en.chessbase.com/post/new-fabiano-caruana-navigating-the-ruy-lopez
https://en.chessbase.com/post/speelman-agony-106
https://en.chessbase.com/post/world-cup-2019-r4-d3
https://en.chessbase.com/post/have-the-engines-led-us-to-lose-our-respect-for-the-elite-gms
https://en.chessbase.com/post/simon-says-2019-39
https://en.chessbase.com/post/windows-mac-new-generation-fritztrainers-fabiano-caruana
https://en.chessbase.com/post/world-cup-2019-r4-d2
https://en.chessbase.com/post/tactic-blog-oliver-reeh-2019_39_e
https://en.chessbase.com/post/the-game-of-the-week-2019-39
https://en.chessbase.com/post/the-weekly-show-with-lawrence-trent-2019-39
https://en.chessbase.com/post/tactic-blog-oliver-reeh-2019_38_e
https://en.chessbase.com/post/43rd-world-chess-solving-championship-vilnius-2019
https://en.chessbase.com/post/endgame-magic-11
https://en.chessbase.com/post/women-grand-prix-moscow-2019
https://en.chessbase.com/post/the-weekly-show-with-lawrence-trent-2019-38
https://en.chessbase.com/post/standing-on-the-shoulders-of-giants
https://en.chessbase.com/post/fide-com-website-updated
https://en.chessbase.com/post/the-game-of-the-week-2019-38
https://en.chessbase.com/post/world-cup-2019-r4-d1
https://en.chessbase.com/post/simon-says-2019-38
https://en.chessbase.com/post/world-cup-2019-r3-d3
https://en.chessbase.com/post/world-cup-2019-r3-d2
https://en.chessbase.com/post/endgame-blog-karsten-mueller-1029_38e
https://en.chessbase.com/post/world-cup-2019-r3-d1
https://en.chessbase.com/post/women-grand-prix-moscow-10
https://en.chessbase.com/post/bobby-fischer-1970-the-forgotten-simul
https://en.chessbase.com/post/krush-and-wang-take-berkeley-im-tournament
https://en.chessbase.com/post/power-play-show-2019-david-navara-2
https://en.chessbase.com/post/vlastimil-hort-remembering-bobby-fischer-i-a-lost-letter
https://en.chessbase.com/post/world-cup-2019-r2-d2
https://en.chessbase.com/post/tactic-blog-oliver-reeh-2019_37_e
https://en.chessbase.com/post/fast-and-furious-with-im-robert-ris-2019-37
https://en.chessbase.com/post/endgame-magic-135
https://en.chessbase.com/post/the-weekly-show-with-lawrence-trent-2019-37
https://en.chessbase.com/post/world-cup-2019-r2-d1
https://en.chessbase.com/post/do-chess-players-live-longer
https://en.chessbase.com/post/hans-ree-75-years
https://en.chessbase.com/post/world-cup-2019-r1-d3
https://en.chessbase.com/post/gm-preparation-with-fat-fritz
https://en.chessbase.com/post/world-cup-2019-r1-d2
https://en.chessbase.com/post/chess-wine-tournament-holiday
https://en.chessbase.com/post/world-cup-2019-attack-youth
https://en.chessbase.com/post/world-cup-2019-r1-d1
https://en.chessbase.com/post/the-game-of-the-week-2019-37
https://en.chessbase.com/post/sarah-hoolt-gabor-papp-married
https://en.chessbase.com/post/world-cup-2019-r2-d3
https://en.chessbase.com/post/review-the-nasty-nimzowitsch-defence
https://en.chessbase.com/post/endgame-blog-karsten-mueller-1028_37e
https://en.chessbase.com/post/champions-showdown-chess960-2019-day-5
https://en.chessbase.com/post/world-cup-2019-preview
https://en.chessbase.com/post/romain-edouard-interview
https://en.chessbase.com/post/power-play-show-2019-david-navara
https://en.chessbase.com/post/chess-train-2019
https://en.chessbase.com/post/tactic-blog-oliver-reeh-2019_36_e
https://en.chessbase.com/post/understanding-not-cramming-the-chessbase-15-plan-explorer
https://en.chessbase.com/post/letter-from-hell
https://en.chessbase.com/post/speelman-agony-105
https://en.chessbase.com/post/simon-says-2019-37
https://en.chessbase.com/post/the-rossolimo-of-the-champions
https://en.chessbase.com/post/champions-showdown-2019-chess960
https://en.chessbase.com/post/jorge-cori-win-ibero-american-championship-2019
https://en.chessbase.com/post/chess-and-art-good-moves
https://en.chessbase.com/post/polish-team-championship-2019
https://en.chessbase.com/post/champions-showdown-chess960-2019-day-4
https://en.chessbase.com/post/kasparov-warms-up-at-ultimate-moves
https://en.chessbase.com/post/simon-says-2019-36
https://en.chessbase.com/post/analysing-your-openings-repertoire-with-fat-fritz
https://en.chessbase.com/post/chess-calendar-2019-september
https://en.chessbase.com/post/champions-showdown-chess960-2019-day-1
https://en.chessbase.com/post/the-weekly-show-with-lawrence-trent-2019-36
https://en.chessbase.com/post/sinquefield-cup-2019-playoff
https://en.chessbase.com/post/how-kramnik-trains-super-talents
https://en.chessbase.com/post/endgame-blog-karsten-mueller-1027_36e
https://en.chessbase.com/post/valsecchi-victorious-in-vienna-open-2019
https://en.chessbase.com/post/new-nicholas-pert-typical-mistakes-by-1000-1600-players
https://en.chessbase.com/post/carlos-colodro-chessbase-editor
https://en.chessbase.com/post/the-game-of-the-week-2019-36
https://en.chessbase.com/post/egyptians-dominate-african-games-2019
https://en.chessbase.com/post/daniel-dardha-belgian-champion-at-13
https://en.chessbase.com/post/study-of-the-month-2019-8
https://en.chessbase.com/post/fide-ratings-2019-9
https://en.chessbase.com/post/champions-showdown-chess960-2019-day-2
https://en.chessbase.com/post/sinquefield-cup-2019-round-11
https://en.chessbase.com/post/benko-problem-revisited
https://en.chessbase.com/post/tactic-blog-oliver-reeh-2019_35_e
https://en.chessbase.com/post/new-master-class-vol-12-viswanathan-anand
https://en.chessbase.com/post/sinquefield-cup-2019-round-9
https://en.chessbase.com/post/the-game-of-the-week-2019-35
https://en.chessbase.com/post/ciutat-de-barcelona-2019-preview
https://en.chessbase.com/post/lagarde-guichard-win-french-championships-2019
https://en.chessbase.com/post/sinquefield-cup-2019-live
https://en.chessbase.com/post/endgame-blog-karsten-mueller-1026_35e
https://en.chessbase.com/post/interview-with-jennifer-yu
https://en.chessbase.com/post/sinquefield-cup-2019-round-10
https://en.chessbase.com/post/deal-of-the-week-opening-tutorials
https://en.chessbase.com/post/new-chessbase-magazine-191
https://en.chessbase.com/post/the-weekly-show-with-lawrence-trent-2019-35
https://en.chessbase.com/post/komodo-world-champion-computer-icga-2019
https://en.chessbase.com/post/pl-benkoe-dies-at-91
https://en.chessbase.com/post/fast-and-furious-with-im-robert-ris-2019-35
https://en.chessbase.com/post/how-to-quit-chess-in-one-move
https://en.chessbase.com/post/sinquefield-cup-2019-round-5
https://en.chessbase.com/post/simon-says-2019-11
https://en.chessbase.com/post/sinquefield-cup-2019-round-6
https://en.chessbase.com/post/russian-championship-2019-round-11
https://en.chessbase.com/post/chessbase-magazine-190-eve-at-the-chessboard
https://en.chessbase.com/post/deal-of-the-week-master-class-bundle
https://en.chessbase.com/post/russian-championship-2019-round-10
https://en.chessbase.com/post/magnus-and-his-rivals
https://en.chessbase.com/post/fat-fritz-and-the-kid
https://en.chessbase.com/post/sinquefield-cup-2019-round-8
https://en.chessbase.com/post/nyzhnyk-cruises-to-us-open-victory
https://en.chessbase.com/post/tactic-blog-oliver-reeh-2019_34_e
https://en.chessbase.com/post/made-in-taiwan
https://en.chessbase.com/post/using-fat-fritz-in-the-engine-cloud
https://en.chessbase.com/post/jobava-juggernaut-at-abu-dhabi-masters-2019
https://en.chessbase.com/post/sinquefield-cup-2019-round-7
https://en.chessbase.com/post/russian-championship-round-1-live
https://en.chessbase.com/post/power-play-show-2019-yangyi_carlsen
https://en.chessbase.com/post/tutorial-how-does-the-engine-cloud-work
https://en.chessbase.com/post/gm-kaufman-speaks-about-his-pet-dragon
https://en.chessbase.com/post/anand-starts-with-a-win-at-sinquefield-cup-2019
https://en.chessbase.com/post/sinquefield-cup-2019-round-4
https://en.chessbase.com/post/speelman-agony-104
https://en.chessbase.com/post/the-game-of-the-week-2019-34
https://en.chessbase.com/post/sinquefield-cup-2019-round-2
https://en.chessbase.com/post/russian-championship-2019-round-7
https://en.chessbase.com/post/fun-and-games-with-kramnik-and-kids
https://en.chessbase.com/post/sinquefield-cup-2019-curtain-raiser
https://en.chessbase.com/post/the-weekly-show-with-lawrence-trent-2019-34
https://en.chessbase.com/post/new-the-nasty-nimzowisch-defence
https://en.chessbase.com/post/brothers-in-arms
https://en.chessbase.com/post/sinquefield-cup-2019-round-3
https://en.chessbase.com/post/exploring-stereotype-threat
https://en.chessbase.com/post/sophie-milliet-french-championship-2
https://en.chessbase.com/post/russian-championship-2019-round-9
https://en.chessbase.com/post/simon-says-2019-34
https://en.chessbase.com/post/endgame-blog-karsten-mueller-1024_34e
https://en.chessbase.com/post/jiri-stocek-wins-pardubice-open-2019
https://en.chessbase.com/post/st-louis-rapid-games-analysed-in-depth
https://en.chessbase.com/post/endgame-magic-134
https://en.chessbase.com/post/tactic-blog-oliver-reeh-2019_30_e
https://en.chessbase.com/post/using-fat-fritz-in-the-engine-cloud
https://en.chessbase.com/post/fat-fritz-what-on-earth-is-that
https://en.chessbase.com/post/the-game-of-the-week-2019-33
https://en.chessbase.com/post/aronian-and-mvl-finish-saint-louis-rapid-at-the-top
https://en.chessbase.com/post/fast-and-furious-with-im-robert-ris-2019-33
https://en.chessbase.com/post/vladimir-kramnik-training-six-indian-super-talents
https://en.chessbase.com/post/mvl-takes-sole-lead-at-saint-louis-blitz
https://en.chessbase.com/post/the-weekly-show-with-lawrence-trent-2019-33
https://en.chessbase.com/post/st-louis-rapid-and-blitz-2019-live
https://en.chessbase.com/post/power-play-show-2019-anand-jobava
https://en.chessbase.com/post/deal-of-the-week-33
https://en.chessbase.com/post/aronian-wins-saint-louis-rapid-and-blitz-2019
https://en.chessbase.com/post/russian-championship-2019-round-4
https://en.chessbase.com/post/endgame-magic-133
https://en.chessbase.com/post/chess-is-rocking-among-the-tyrrhenian-sea-rocks
https://en.chessbase.com/post/tactic-blog-oliver-reeh-2019_32_e
https://en.chessbase.com/post/making-a-difference-in-africa
https://en.chessbase.com/post/russian-championship-2019-round-2
https://en.chessbase.com/post/power-play-show-2019-levitov
https://en.chessbase.com/post/asteroid-fly-by-giant-meteor-over-chelyabinsk
https://en.chessbase.com/post/how-surya-sekhar-ganguly-won-us-50-000-at-belt-and-road-open-2019
https://en.chessbase.com/post/st-louis-rapid-and-blitz-2019-inaugurated
https://en.chessbase.com/post/endgame-blog-karsten-mueller-1020_33e
https://en.chessbase.com/post/chess-sayings-and-songs
https://en.chessbase.com/post/the-chelyabinsk-meteorite
https://en.chessbase.com/post/chess-calendar-2019-august
https://en.chessbase.com/post/british-chess-championship-2019-adams
https://en.chessbase.com/post/the-world-is-a-better-place-when-aronian-plays-well
https://en.chessbase.com/post/simon-says-2019-33
https://en.chessbase.com/post/american-hero-caruana-shines
https://en.chessbase.com/post/mvl-i-was-very-motivated-to-get-back-to-winning-ways
https://en.chessbase.com/post/jobava-perfect-score-abu-dhabi-masters-2019
https://en.chessbase.com/post/russian-championship-superfinal-2019-begins
https://en.chessbase.com/post/tabatabaei-wins-biel-masters-2019
https://en.chessbase.com/post/endgame-blog-karsten-mueller-1025_32e
https://en.chessbase.com/post/the-game-of-the-week-2019-32
https://en.chessbase.com/post/let-the-kid-own-the-process-and-the-result-henrik-carlsen
https://en.chessbase.com/post/shirov-boss-in-lund-celevision-2019
https://en.chessbase.com/post/british-championship-2019-5-8
https://en.chessbase.com/post/blitz-and-rapid-with-kramnik-in-amsterdam
https://en.chessbase.com/post/british-championship-live-2
https://en.chessbase.com/post/speelman-agony-103
https://en.chessbase.com/post/yermo-s-travels-the-2019-u-s-senior-championship
https://en.chessbase.com/post/fabiano-caruana-vs-tesla-model-3
https://en.chessbase.com/post/the-weekly-show-with-lawrence-trent-2019-23
https://en.chessbase.com/post/preparing-against-your-opponent-s-favourite-variation
https://en.chessbase.com/post/deal-of-the-week-bologan-winning-ruy-lopez
https://en.chessbase.com/post/erwin-lami-sveshnikov-sicilian-review
https://en.chessbase.com/post/chessbase-magazine-190-eve-at-the-chessboard
https://en.chessbase.com/post/from-abu-dhabi-to-zeeland
https://en.chessbase.com/post/amsterdam-nepomniachtchi-wins-levitov-birthday
https://en.chessbase.com/post/new-chessbase-magazine-extra-190
https://en.chessbase.com/post/25-questions-for-matthias-wullenweber-in-acm-12
https://en.chessbase.com/post/the-game-of-the-week-2019-31
https://en.chessbase.com/post/endgame-magic-132
https://en.chessbase.com/post/new-sergei-tiviakov-queen-s-indian-defence-the-modern-approach
https://en.chessbase.com/post/endgame-blog-karsten-mueller-1019_31e
https://en.chessbase.com/post/vidit-storms-to-1st-biel-title-with-a-round-to-spare
https://en.chessbase.com/post/british-championship-2019
https://en.chessbase.com/post/praggnanandhaa-wins-xtracon-open-2019
https://en.chessbase.com/post/grand-chess-tour-paris-2019-day-5
https://en.chessbase.com/post/vidit-s-zeal-and-shankland-s-escape-artistry-in-peerless-final-act
https://en.chessbase.com/post/grand-chess-tour-paris-2019-day-4
https://en.chessbase.com/post/tactic-blog-oliver-reeh-2019_31_e
https://en.chessbase.com/post/deal-of-the-week-know-the-terrain-vol-1-6
https://en.chessbase.com/post/fedoseev-wins-riga-tal-memorial-2019
https://en.chessbase.com/post/fide-ratings-2019-8
https://en.chessbase.com/post/power-play-show-2019-vidit
https://en.chessbase.com/post/the-weekly-show-with-lawrence-trent-2019-31
https://en.chessbase.com/post/winning-asian-is-like-a-dream-come-true-le-quang-liem
https://en.chessbase.com/post/64-squares-in-a-kaleidoscope
https://en.chessbase.com/post/biel-chess-festival-2019-blitz
https://en.chessbase.com/post/study-of-the-month-2019-7
https://en.chessbase.com/post/fast-and-furious-with-im-robert-ris-2019-07-25
https://en.chessbase.com/post/vidit-s-imaginative-pawn-sacrifice-stuns-bogner-as-white-truimphs-in-all-games
https://en.chessbase.com/post/grand-chess-tour-paris-2019-day-2
https://en.chessbase.com/post/grand-chess-tour-parid-2019-day-1
https://en.chessbase.com/post/1978-runkel-on-computer-chess
https://en.chessbase.com/post/power-play-show-2019-alekhine-miniatures
https://en.chessbase.com/post/biel-chess-festival-2019-round-4
https://en.chessbase.com/post/biel-masters-2019-brkic-and-donchenko-blaze-out-of-the-blocks-with-4-5-5
https://en.chessbase.com/post/world-champions-and-their-best-endgames
https://en.chessbase.com/post/tactic-blog-oliver-reeh-2019_29_e
https://en.chessbase.com/post/eduardo-iturrizaga-wins-2019-american-continental
https://en.chessbase.com/post/grand-chess-tour-paris-2019-day-3
https://en.chessbase.com/post/nielsen-surveys-the-fide-landscape
https://en.chessbase.com/post/chess-boris-johnson-brexit
https://en.chessbase.com/post/the-game-of-the-week-2019-30
https://en.chessbase.com/post/endgame-blog-karsten-mueller-1022_30e
https://en.chessbase.com/post/kasimdzhanov-beating-the-french-1-3-deal
https://en.chessbase.com/post/vidit-beats-leko-in-english-for-sole-lead-while-abdusattorov-outsmarts-shankland
https://en.chessbase.com/post/dortmund-2019-round-7
https://en.chessbase.com/post/fide-grand-prix-riga-2019-r4d1
https://en.chessbase.com/post/fide-grand-prix-riga-2019
https://en.chessbase.com/post/fide-grand-prix-riga-2019-r4d3
https://en.chessbase.com/post/where-in-new-york-did-they-live
https://en.chessbase.com/post/wolfram-runkel-the-passing-of-a-friend-eulogy
https://en.chessbase.com/post/biel-chess-festival-2019-round-2
https://en.chessbase.com/post/the-weekly-show-with-lawrence-trent-2019-30
https://en.chessbase.com/post/biel-chess-festival-2019-rapid
https://en.chessbase.com/post/biel-chess-festival-2019-round-1
https://en.chessbase.com/post/fide-grand-prix-riga-2019-r4d2
https://en.chessbase.com/post/speelman-agony-102
https://en.chessbase.com/post/simon-says-2019-30
https://en.chessbase.com/post/chess-festival-maribor-2019-shaoxing-open
https://en.chessbase.com/post/francesco-colonna-first-human-chess-reference
https://en.chessbase.com/post/u-s-junior-and-u-s-senior-2019
https://en.chessbase.com/post/power-play-show-2019-grischuk-vitiugov-riga
https://en.chessbase.com/post/the-weekly-show-with-lawrence-trent-2019-20
https://en.chessbase.com/post/fast-and-furious-with-im-robert-ris-2019-07-18
https://en.chessbase.com/post/jennifer-yu-s-us-junior-championship-can-research-explain-her-result
https://en.chessbase.com/post/the-game-of-the-week-2019-29
https://en.chessbase.com/post/fide-grand-prix-riga-2019-r3d2
https://en.chessbase.com/post/fide-grand-prix-riga-2019-r2d2
https://en.chessbase.com/post/tactic-blog-oliver-reeh-2019_33_e
https://en.chessbase.com/post/Dortmund-2019-round-3
https://en.chessbase.com/post/dortmund-2019-round-4
https://en.chessbase.com/post/fide-grand-prix-riga-2019-r2d3
https://en.chessbase.com/post/endgame-magic-131
https://en.chessbase.com/post/tari-takes-norwegian-championship
https://en.chessbase.com/post/summertime-chess-in-iconic-paris-park
https://en.chessbase.com/post/fide-grand-prix-riga-2019-r3d1
https://en.chessbase.com/post/online-chess-games-on-chessbase-server-playchess
https://en.chessbase.com/post/endgame-blog-karsten-mueller-1023_29e
https://en.chessbase.com/post/tactic-blog-oliver-reeh-2019_28_e
https://en.chessbase.com/post/dutch-champion-2019-lucas-van-foreest-tiebreak
https://en.chessbase.com/post/fide-grand-prix-riga-2019-r1d3
https://en.chessbase.com/post/power-play-show-2019-ding-nepomniachtchi
https://en.chessbase.com/post/angebot-der-woche-beating-the-sicilian-vol-1-3-nur-49-90
https://en.chessbase.com/post/book-review-mueller-understanding-minor-piece-endgames-2019
https://en.chessbase.com/post/world-youth-heads-to-spain-in-september
https://en.chessbase.com/post/fide-grand-prix-riga-2019-r1d2
https://en.chessbase.com/post/58-year-old-gm-igors-rausis-caught-cheating-at-the-strasbourg-open
https://en.chessbase.com/post/the-colle-koltanowski-system
https://en.chessbase.com/post/fide-grand-prix-riga-2019-r2d1
https://en.chessbase.com/post/fide-grand-prix-riga-r1d1
https://en.chessbase.com/post/the-nielsen-chess-survey
https://en.chessbase.com/post/benko-birthday-and-ten-years-of-chessbase-news
https://en.chessbase.com/post/dortmund-2019-1-2
https://en.chessbase.com/post/igor-yarmonov-is-the-ipca-world-champion-2019
https://en.chessbase.com/post/new-nicholas-pert-a-sicilian-stunner-the-kalashnikov
https://en.chessbase.com/post/maghsoodloo-masters-the-leon-masters
https://en.chessbase.com/post/zagreb-grand-chess-tour-2019-round-10
https://en.chessbase.com/post/alekhine-memorial-2019-savchenko-lifts-the-cup
https://en.chessbase.com/post/the-weekly-show-with-lawrence-trent-2019-17
https://en.chessbase.com/post/frode-urkedal-wins-nordic-championship
https://en.chessbase.com/post/endgame-blog-karsten-mueller-1016_28e
https://en.chessbase.com/post/simon-says-2019-28
https://en.chessbase.com/post/hainan-danzhou-2019-rapport-wins
https://en.chessbase.com/post/pal-benkoe-and-the-fischer-challenge
https://en.chessbase.com/post/speelman-agony-101
https://en.chessbase.com/post/zagreb-grand-chess-tour-2019-round-11
https://en.chessbase.com/post/commonwealth-champion-for-a-record-five-times-abhijeet-gupta
https://en.chessbase.com/post/endgame-magic-10
https://en.chessbase.com/post/watch-the-zagreb-games-live-here-on-chessbase-com
https://en.chessbase.com/post/7-1-reasons-why-you-should-hire-a-chess-player
https://en.chessbase.com/post/start-grand-chess-tour-zagreb-2019
https://en.chessbase.com/post/im-nguyen-anh-khoi-and-wfm-serikbay-assel-win-asian-junior-2
https://en.chessbase.com/post/the-game-of-the-week-2019-28
https://en.chessbase.com/post/magistral-ciudad-de-leon-2019-preview
https://en.chessbase.com/post/chess-calendar-2019-July
https://en.chessbase.com/post/summer-chess-classic-le-quang-liem-wins-2019
https://en.chessbase.com/post/2019-u-s-senior-open
https://en.chessbase.com/post/zagreb-grand-chess-tour-2019-round-6
https://en.chessbase.com/post/simon-says-2019-27
https://en.chessbase.com/post/how-to-keep-things-in-your-mind-an-interview-with-world-memory-champion-simon-reinhard
https://en.chessbase.com/post/the-game-of-the-week-2019-25
https://en.chessbase.com/post/10th-hainan-danzhou-2019-round-3
https://en.chessbase.com/post/zagreb-grand-chess-tour-2019-round-7
https://en.chessbase.com/post/gelfand-wins-netanya-2019
https://en.chessbase.com/post/new-erwin-l-ami-the-shining-sveshnikov-sicilian
https://en.chessbase.com/post/zagreb-grand-chess-tour-2019-round-8
https://en.chessbase.com/post/usa-opportunities-for-chess-kids
https://en.chessbase.com/post/endgame-blog-karsten-mueller-1018_27e
https://en.chessbase.com/post/zagreb-grand-chess-tour-2019-round-9
https://en.chessbase.com/post/tactic-blog-oliver-reeh-2019_27_e
https://en.chessbase.com/post/lewis-chess-pieces-discovery-2019-auction-sothebys
https://en.chessbase.com/post/natanya-2019-round-6
https://en.chessbase.com/post/zagreb-grand-chess-tour-2019-round-4
https://en.chessbase.com/post/zagreb-grand-chess-tour-2019-round-1
https://en.chessbase.com/post/what-can-racing-learn-from-chess
https://en.chessbase.com/post/chess-room-simon-wiesenthal
https://en.chessbase.com/post/zagreb-grand-chess-tour-2019-round-5
https://en.chessbase.com/post/zagreb-grand-chess-tour-2019-round-2
https://en.chessbase.com/post/fide-ratings-2019-7
https://en.chessbase.com/post/tactic-blog-oliver-reeh-2019_26_e
https://en.chessbase.com/post/study-of-the-month-2019-6
https://en.chessbase.com/post/new-chessbase-magazine-190
https://en.chessbase.com/post/carlsen-vs-nfs
https://en.chessbase.com/post/the-game-of-the-week-2019-26
https://en.chessbase.com/post/ernst-karl-falkbeer-and-his-countergambit
https://en.chessbase.com/post/zagreb-grand-chess-tour-2019-round-3
https://en.chessbase.com/post/become-a-lumberjack-with-the-torre-attack
https://en.chessbase.com/post/closing-norway-chess-2019-music
https://en.chessbase.com/post/fast-and-furious-with-im-robert-ris-2019-06-27
https://en.chessbase.com/post/stress-management-for-the-soul
https://en.chessbase.com/post/chess-makes-smart-scholastic-tournament-in-bremen-2019
https://en.chessbase.com/post/national-open-2019
https://en.chessbase.com/post/tactic-blog-oliver-reeh-2019_25_e
https://en.chessbase.com/post/summer-classic-2019-round-3
https://en.chessbase.com/post/prague-match-2019-ding-ding-ding
https://en.chessbase.com/post/half-time-summer-chess-classic-2019
https://en.chessbase.com/post/the-weekly-show-with-lawrence-trent-2019-26
https://en.chessbase.com/post/can-spin-of-roulette-decide-the-outcome-of-hard-fought-drawn-chess-match
https://en.chessbase.com/post/acm-american-chess-in-the-melting-pot
https://en.chessbase.com/post/the-game-of-the-week-2019-24
https://en.chessbase.com/post/karjakin-wins-worldchess-armageddon
https://en.chessbase.com/post/endgame-blog-karsten-mueller-1015_26e
https://en.chessbase.com/post/simon-says-2019-26
https://en.chessbase.com/post/proposing-a-new-system-for-top-tournaments
https://en.chessbase.com/post/what-chess-can-learn-from-racing
https://en.chessbase.com/post/mcshane-netanya-2019
https://en.chessbase.com/post/power-play-show-2019-muzychuk-goryachkina
https://en.chessbase.com/post/womens-candidates-2019-round-14
https://en.chessbase.com/post/simon-says-2019-10
https://en.chessbase.com/post/women-candidates-kazan-2019-live
https://en.chessbase.com/post/endgame-blog-karsten-mueller-1014_25e
https://en.chessbase.com/post/speelman-agony-100
https://en.chessbase.com/post/womens-candidates-2019-round-12
https://en.chessbase.com/post/an-interview-with-patrick-wolff
https://en.chessbase.com/post/power-play-show-2019-caruana-anand
https://en.chessbase.com/post/live-in-prag-navara-versus-ding
https://en.chessbase.com/post/tutorial-endgame-training-with-chessbase-magazine-2019-Martin-Fischer
https://en.chessbase.com/post/artemiev-wins-karpov-poikowsky-tournament
https://en.chessbase.com/post/a-simul-alphazero-and-more
https://en.chessbase.com/post/how-carlsen-thinks-an-interview
https://en.chessbase.com/post/le-quang-liem-wins-asian-continental-championships
https://en.chessbase.com/post/the-weekly-show-with-lawrence-trent-2019-12
https://en.chessbase.com/post/norway-chess-2019-round-9
https://en.chessbase.com/post/EmbedTactics-2
https://en.chessbase.com/post/womens-candidates-2019-round-13
https://en.chessbase.com/post/simon-says-2019-8
https://en.chessbase.com/post/a-delightful-wealth-of-chess-the-new-cbm-extra-189
https://en.chessbase.com/post/fast-and-furious-with-im-robert-ris-2019-06-1
https://en.chessbase.com/post/norway-chess-2019-round-8
https://en.chessbase.com/post/norway-chess-2019-round-7
https://en.chessbase.com/post/karthikeyan-murali-a-queen-sacrifice-on-move-nine
https://en.chessbase.com/post/the-game-of-the-week-2019-23
https://en.chessbase.com/post/womens-candidates-2019-round-9
https://en.chessbase.com/post/womens-candidates-2019-round-11
https://en.chessbase.com/post/endgame-blog-karsten-mueller-1017_24e
https://en.chessbase.com/post/womens-candidates-2019-round-8
https://en.chessbase.com/post/norway-chess-2019-round-6
https://en.chessbase.com/post/the-weekly-show-with-lawrence-trent-2019-8
https://en.chessbase.com/post/tutorial-tactics-app-2019-chessbase-account
https://en.chessbase.com/post/altibox-norway-chess-live
https://en.chessbase.com/post/womens-candidates-2019-round-10
https://en.chessbase.com/post/tactic-blog-oliver-reeh-2019_24_e
https://en.chessbase.com/post/norway-chess-2019-round-5
https://en.chessbase.com/post/the-game-of-the-week-2019-19
https://en.chessbase.com/post/norway-chess-2019-round-3
https://en.chessbase.com/post/womens-candidates-2019-round-4
https://en.chessbase.com/post/endgame-blog-karsten-mueller-1012_23e
https://en.chessbase.com/post/womens-candidates-2019-round-6
https://en.chessbase.com/post/womens-candidates-2019-round-7
https://en.chessbase.com/post/tactic-blog-oliver-reeh-2019_23_e
https://en.chessbase.com/post/norway-chess-round-1-five-draws-five-times-armageddon
https://en.chessbase.com/post/niclas-huschenbeth-wins-german-championship
https://en.chessbase.com/post/norway-chess-2019-blitz
https://en.chessbase.com/post/reaching-2750-is-my-next-goal
https://en.chessbase.com/post/norway-chess-2019-round-2
https://en.chessbase.com/post/a-plan-a-plan-my-kingdom-for-a-plan
https://en.chessbase.com/post/the-weekly-show-with-lawrence-trent-2019-7
https://en.chessbase.com/post/power-play-show-2019-carlsens-favourite-pawn-structure
https://en.chessbase.com/post/womens-candidates-2019-round-5
https://en.chessbase.com/post/norway-chess-2019-round-4
https://en.chessbase.com/post/a-chess-holiday
https://en.chessbase.com/post/elisabeth-paehtz-announced-her-resignation-from-the-german-national-team
https://en.chessbase.com/post/study-of-the-month-2019-5-part-2
https://en.chessbase.com/post/fast-and-furious-with-im-robert-ris-2019-05-30
https://en.chessbase.com/post/chess-calendar-2019-June
https://en.chessbase.com/post/moscow-grand-prix-2019-final-3
https://en.chessbase.com/post/the-game-of-the-week-2019-22
https://en.chessbase.com/post/fide-ratings-2019-6
https://en.chessbase.com/post/womens-candidates-2019-round-1
https://en.chessbase.com/post/simon-says-2019-6
https://en.chessbase.com/post/speelman-agony-99
https://en.chessbase.com/post/tactic-blog-oliver-reeh-2019_22_e
https://en.chessbase.com/post/tutorial-chessbase-online-playerdatabase-players-chessbase-com-2019
https://en.chessbase.com/post/power-play-show-2019-7
https://en.chessbase.com/post/study-of-the-month-2019-5
https://en.chessbase.com/post/hort-stories-leonid-stein
https://en.chessbase.com/post/womens-candidates-2019-round-2
https://en.chessbase.com/post/nabokov-looks-at-chess-as-deception
https://en.chessbase.com/post/womens-candidates-2019-round-3
https://en.chessbase.com/post/womens-candidates-2019-begins
https://en.chessbase.com/post/magnus-carlsen-wins-his-fifth-title-of-the-year-the-lindores-abbey-chess-2019
https://en.chessbase.com/post/bischwiller-retain-french-club-championship-title
https://en.chessbase.com/post/endgame-blog-karsten-mueller-1012e
https://en.chessbase.com/post/le-systme-de-londres-aver-2-ff4
https://en.chessbase.com/post/moscow-grand-prix-2019-r3-d3
https://en.chessbase.com/post/polish-championship-2019
https://en.chessbase.com/post/the-weekly-show-with-lawrence-trent-2019-22
https://en.chessbase.com/post/pioneering-national-chess-education-in-armenia
https://en.chessbase.com/post/tactic-blog-oliver-reeh-2019_21_e
https://en.chessbase.com/post/learn-from-the-endgames-of-the-world-champions
https://en.chessbase.com/post/moscow-grand-prix-2019-final-2
https://en.chessbase.com/post/ding-liren-and-cold
https://en.chessbase.com/post/lindores-abbey
https://en.chessbase.com/post/romantic-steinitz
https://en.chessbase.com/post/moscow-grand-prix-2019-final-1
https://en.chessbase.com/post/moscow-grand-prix-2019-r3-d2
https://en.chessbase.com/post/study-of-the-month-2019-5
